08-18 01:37:11.356  3238  3589 D DisplayManagerService: Drop pending events for gone uid 10265
08-18 01:37:11.845  3238  3797 D OplusThermalStats: REPORT_UPDATE_CPU  ->  phoneTemp:340  preHeatThreshold:400
08-18 01:37:11.852  3238  3870 D OplusDisplayBrightnessBroadcastReceiver: onReceive action = android.intent.action.BATTERY_CHANGED , listeners = [com.android.server.display.OplusFeatureHDREnhanceBrightness$PhoneInfoReceiver@51833a6, com.android.server.display.OplusFeatureEdrEnhanceBrightness$PhoneInfoReceiver@36ec1e7]
08-18 01:37:11.929  3238  3784 D ProcessCpuTrackerExtImpl: mContext is already set, return now! 
08-18 01:37:12.159  3238  3594 W ActivityTaskManager: Launch timeout has expired, giving up wake lock!
08-18 01:37:12.163  3238  3594 W OplusTheiaWindowTrigger: [appLaunchTimeout] app is visibility.
08-18 01:37:12.213  3238  3870 D OplusFeatureReduceBrightness: timeToReduceBrightness reduce onAppEnter pkg=com.coloros.phonemanager
08-18 01:37:12.223  3238  3819 I OplusSmartBrightnessController: handleBrightnessTotalRateType displayId[0]=automatic->app
08-18 01:37:12.224  3238  3870 I OplusSmartBrightnessController: handleMessage MSG_POWER_BRIGHTNESS_CHANGED.
08-18 01:37:12.226  3238  3819 D ColorAutomaticBrightnessController: MSG_UPDATE_BRIGHTNESS
08-18 01:37:12.231  3238  3819 D OplusFeatureReduceBrightness: reduce for pkg=com.coloros.phonemanager
08-18 01:37:12.231  3238  3819 D OplusFeatureTemperatureLimitBrightness: not Apollo project uses the new rate , rate:20
08-18 01:37:12.523  3238  3777 D CompatChangeReporter: Compat change id reported: 151861875; UID 10199; state: ENABLED
08-18 01:37:12.531  3238  5185 I OplusSecurityPermissionManager-SecurityPayController: put risk app list: []
08-18 01:37:12.540  3238  3698 D OplusSecurityPermissionManager-SecurityPayController: start saving risk app list
08-18 01:37:12.548  3238  3698 I OplusSecurityPermissionManager-SecurityPayController: save risk app list finished
08-18 01:37:12.555  3238  3760 I ActivityManager: Start proc 7139:com.coloros.securepay/u0a199 for broadcast {com.coloros.securepay/com.oplus.securepay.SecurePayReceiver}
08-18 01:37:12.584  3238  5185 D ActivityTaskManagerServiceExtImpl: preBindApplication record is null
08-18 01:37:12.688  7139  7139 D ResourcesManagerExtImpl: applyConfigurationToAppResourcesLocked app.getDisplayId() return callback.displayId:-1
08-18 01:37:12.739  3238  5185 W ContentProviderHelper: Permission Denial: opening provider com.pantanal.server.decision.result.DecisionProvider from ProcessRecord{5f8d488 7139:com.coloros.securepay/u0a199} (pid=7139, uid=10199) requires com.oplus.permission.safe.ASSISTANT or com.oplus.permission.safe.ASSISTANT
08-18 01:37:12.848  3238  5111 I ActivityManager: Flag disabled. Ignoring finishAttachApplication from uid: 10199. pid: 7139
08-18 01:37:12.852  3238  5185 I ActivityManager: Killing 31740:ru.mail.mailapp/u0a372 (adj 975): empty #25
08-18 01:37:12.855  3238  5111 D VRR [OPlusExternalRefreshRateManager]: isPkgTfcEnable: pkgName = com.coloros.securepay, enable = false
08-18 01:37:12.855  3238  5111 D VRR [OPlusExternalRefreshRateManager]: getTfcMinFramerate: pkgName = com.coloros.securepay, min framerate = 0
08-18 01:37:12.929  3238  5111 I ActivityManager: Death received, pid = 31740, processName = ru.mail.mailapp for thread android.os.BinderProxy@927f17e
08-18 01:37:12.936  3238  3589 D DisplayManagerService: Drop pending events for gone uid 10372
08-18 01:37:15.734  3238  8214 D UsageStatsService: User[0] type=0 b=1755462786441 e=1755463035734 cb=1755437440618 ce=1755463032510 disk=0 all=33
08-18 01:37:16.545  3238  5254 I ActivityManager: Killing 6059:com.google.android.apps.maps/u0a169 (adj 975): empty #25
08-18 01:37:16.588  3238  4032 I ActivityManager: Death received, pid = 6059, processName = com.google.android.apps.maps for thread android.os.BinderProxy@27779ef
08-18 01:37:16.593  3238  3589 D DisplayManagerService: Drop pending events for gone uid 10169
08-18 01:37:16.689  3238  4299 W ContextImpl: Calling a method in the system process without a qualified user: android.app.ContextImpl.sendBroadcast:1261 com.android.server.job.controllers.OplusCpuController.notifyHighCpuEventForApp:387 com.android.server.job.controllers.OplusCpuController.handleCpuUpdate:333 com.android.server.job.controllers.OplusCpuController.-$$Nest$mhandleCpuUpdate:0 com.android.server.job.controllers.OplusCpuController$CpuTrackerHandler.handleMessage:257 
08-18 01:37:16.958  3238  3870 D OplusDisplayBrightnessBroadcastReceiver: onReceive action = android.intent.action.BATTERY_CHANGED , listeners = [com.android.server.display.OplusFeatureHDREnhanceBrightness$PhoneInfoReceiver@51833a6, com.android.server.display.OplusFeatureEdrEnhanceBrightness$PhoneInfoReceiver@36ec1e7]
08-18 01:37:17.822  3238  4182 V AlarmManager: sending alarm Alarm{2bcdce8 type 2 origWhen 797605773 whenElapsed 797605773 android} uid 1000 whenElapsed 797605773 windowLength 7500 maxWhenElapsed 797613273 repeatInterval 0 action null component null tag WriteBufferAlarm flags 0x8 procName system_server
08-18 01:37:17.826  3238  4182 V AlarmManager: sending alarm Alarm{928ef01 type 3 origWhen 797612929 whenElapsed 797612929 android} uid 1000 whenElapsed 797612929 windowLength 11131 maxWhenElapsed 797624060 repeatInterval 0 action null component null tag *job.delay* flags 0x0 procName system_server
08-18 01:37:17.826  3238  4182 V AlarmManager: sending alarm Alarm{b0641a6 type 2 origWhen 797592866 whenElapsed 797592866 com.facebook.services} uid 10256 whenElapsed 797592866 windowLength 674999 maxWhenElapsed 798267865 repeatInterval 0 action a.ACTION_INEXACT_ALARM.PreloadedFBNS.com.facebook.services component null flags 0x20 procName com.facebook.services
08-18 01:37:17.833  3238  4182 V AlarmManager: sending alarm Alarm{3f6df94 type 3 origWhen 797582230 whenElapsed 797587230 ru.mts.music.android} uid 10379 whenElapsed 797587230 windowLength 1350000 maxWhenElapsed 798937230 repeatInterval 1800000 action ru.mts.music.android_AlarmSignalReceiver component ComponentInfo{ru.mts.music.android/ru.mts.push.repeater.domain.receivers.AlarmSignalReceiver} flags 0x0 procName ru.mts.music.android
08-18 01:37:17.852  3238  3760 I ActivityManager: Start proc 7172:ru.mts.music.android/u0a379 for broadcast {ru.mts.music.android/ru.mts.push.repeater.domain.receivers.AlarmSignalReceiver}
08-18 01:37:17.878  3238  4357 D ActivityTaskManagerServiceExtImpl: preBindApplication record is null
08-18 01:37:17.883  1247  5511 I keystore2: system/security/keystore2/watchdog/src/lib.rs:319 - Watchdog thread idle -> terminating. Have a great day.
08-18 01:37:18.070  7172  7172 D ResourcesManagerExtImpl: applyConfigurationToAppResourcesLocked app.getDisplayId() return callback.displayId:-1
08-18 01:37:18.208  3238  5074 D CompatChangeReporter: Compat change id reported: 161145287; UID 10379; state: ENABLED
08-18 01:37:18.309  3238  4357 D CompatChangeReporter: Compat change id reported: 271850009; UID 10379; state: ENABLED
08-18 01:37:18.309  3238  4357 D CompatChangeReporter: Compat change id reported: 253665015; UID 10379; state: ENABLED
08-18 01:37:18.328  3238  4357 D CompatChangeReporter: Compat change id reported: 261072174; UID 10379; state: ENABLED
08-18 01:37:18.463  3238  3760 I ActivityManager: Start proc 7306:ru.mts.music.android:Metrica/u0a379 for service {ru.mts.music.android/com.yandex.metrica.MetricaService}
08-18 01:37:18.491  3238  5111 D ActivityTaskManagerServiceExtImpl: preBindApplication record is null
08-18 01:37:18.641  7306  7306 D ResourcesManagerExtImpl: applyConfigurationToAppResourcesLocked app.getDisplayId() return callback.displayId:-1
08-18 01:37:18.655  3238  4027 I ActivityManager: Flag disabled. Ignoring finishAttachApplication from uid: 10379. pid: 7306
08-18 01:37:19.138  7172  7172 I Quality : ActivityThread: callApplicationOnCreate delay 859 ru.mts.music.android 7172
08-18 01:37:19.141  3238  3500 I ActivityManager: Flag disabled. Ignoring finishAttachApplication from uid: 10379. pid: 7172
08-18 01:37:19.150  3238  3500 I ActivityManager: Killing 6118:com.google.android.documentsui/u0a76 (adj 965): empty #25
08-18 01:37:19.152  3238  3500 I ActivityManager: Killing 6097:com.google.android.apps.wellbeing/u0a109 (adj 975): empty #26
08-18 01:37:19.164  3238  3500 D VRR [OPlusExternalRefreshRateManager]: isPkgTfcEnable: pkgName = ru.mts.music.android, enable = false
08-18 01:37:19.164  3238  3500 D VRR [OPlusExternalRefreshRateManager]: getTfcMinFramerate: pkgName = ru.mts.music.android, min framerate = 0
08-18 01:37:19.171  3238  4027 I ActivityManager: Death received, pid = 6118, processName = com.google.android.documentsui for thread android.os.BinderProxy@7ec907c
08-18 01:37:19.178  3238  3589 D DisplayManagerService: Drop pending events for gone uid 10076
08-18 01:37:19.193  3238  5539 I ActivityManager: Death received, pid = 6097, processName = com.google.android.apps.wellbeing for thread android.os.BinderProxy@fed47bd
08-18 01:37:19.196  3238  3589 D DisplayManagerService: Drop pending events for gone uid 10109
08-18 01:37:19.227  3238  3760 I ActivityManager: Start proc 7468:com.google.android.projection.gearhead:provider/u0a101 for content provider {com.google.android.projection.gearhead/com.google.android.apps.auto.components.projectionstate.ProjectionStateProvider}
08-18 01:37:19.252  3238  5074 D ActivityTaskManagerServiceExtImpl: preBindApplication record is null
08-18 01:37:19.257  3238  6396 I ActivityManager: Killing 6232:com.oplus.pscanvas/u0a426 (adj 965): empty #25
08-18 01:37:19.279  3238  4027 I ActivityManager: Death received, pid = 6232, processName = com.oplus.pscanvas for thread android.os.BinderProxy@72d650a
08-18 01:37:19.283  3238  3589 D DisplayManagerService: Drop pending events for gone uid 10426
08-18 01:37:19.287  3238  4585 W FlexibleWindowManagerService: canvas app died, wpc =ProcessRecord{69cca0d 0:com.oplus.pscanvas/u0a426}
08-18 01:37:19.287  3238  4585 W FlexibleWindowManagerService: handle canvas app died Locked
08-18 01:37:19.289  3238  3238 D OplusSplitScreenManagerService: OplusSplitScreenManagerService onStateChanged mMinimized = false,mExitingMiniziedToHome=true
08-18 01:37:19.289  3238  3238 D OplusSplitScreenManagerService: onDockedStackMinimizedChanged: minimized = false mSplitLaunchState: NONE mPendingAppLaunchInfo =null
08-18 01:37:19.294  4494  4573 D OneHandedController: onStateChanged: event = splitScreenModeChange , mState = 0 , isInSplitScreenMode = false
08-18 01:37:19.295  3238  3238 D OplusSplitScreenManagerService: OplusSplitScreenManagerService onStateChanged isInSplitScreenMode = false,mSplitRatio=0.5,mMinimized = false
08-18 01:37:19.446  7468  7468 D ResourcesManagerExtImpl: applyConfigurationToAppResourcesLocked app.getDisplayId() return callback.displayId:-1
08-18 01:37:19.523  3238  5074 I ActivityManager: Flag disabled. Ignoring finishAttachApplication from uid: 10101. pid: 7468
08-18 01:37:19.575  3238  3870 D Arc[OplusSmartBrightnessController]: brightness changed!!!finalLux:15.0, weightLux:15.0, automaticLux:15.0, lastFinalLux:3.7475, lastAutomaticLux:3.7475, deviceDirection:Brightening, environmentDirection:Brightening, scene:NormalScene, accelerateScale:1.0, updateProcess:[LargeChange], luxQueue:[15.0, 15.0, 15.0], display[-1]:(3.7475, 17.13716, 2928.8699)->(15.0, 48.0, 4776.4087), drag:null
08-18 01:37:19.576  3238  3870 I OplusSmartBrightnessController: update target brightness point to : display[-1]=(3.7475, 17.13716, 2928.8699)->(15.0, 48.0, 4776.4087)
08-18 01:37:19.576  3238  3870 I OplusSmartBrightnessController: onTargetBrightnessChange brightness change to (15.0, 48.0, 4776.4087)
08-18 01:37:19.577  3238  3819 I ColorAutomaticBrightnessController: updateAutoBrightness: Auto, sendUpdate = true adjustment=36688.234375,changed:15187->4776,modified:4776->4776->4776,changed=true,cameraMode=-1,ProximityNear=false
08-18 01:37:19.580  3238  3870 D Arc[OplusFeatureBrightnessBarController]: BrightnessBarController is not support.
08-18 01:37:19.580  3238  3819 I OplusSmartBrightnessController: handleBrightnessTotalRateType displayId[0]=app->automatic
08-18 01:37:19.581  3238  3819 D OplusFeatureTemperatureLimitBrightness: not Apollo project uses the new rate , rate:20
08-18 01:37:19.783  3238  3870 D Arc[OplusBrightnessPhoneStateManager]: LuxEvent{event:MAIN_LUX lux:7.0} -> LuxEvent{event:MAIN_LUX lux:7.0}
08-18 01:37:19.784  3238  3870 D Arc[OplusBrightnessAmbientAdapter[StabilityProcess]]: updateRangeStrategy: reason[LuxChange ] baseLux:15.0, scene:NormalScene large{3.75, 37.5} largeForAux{3.75, 37.5} small{10.78125, 19.21875} hbm{0.0, 30000.0}
08-18 01:37:19.890  3238  3238 D OplusSplitScreenManagerService: MSG_EXIT_SPLIT_MINIZIED_OVER  mExitingMiniziedToHome = false
08-18 01:37:19.991  3238  3870 D Arc[OplusBrightnessPhoneStateManager]: LuxEvent{event:MAIN_LUX lux:7.0} -> LuxEvent{event:MAIN_LUX lux:7.0}
08-18 01:37:20.199  3238  3870 D Arc[OplusBrightnessPhoneStateManager]: LuxEvent{event:MAIN_LUX lux:7.0} -> LuxEvent{event:MAIN_LUX lux:7.0}
08-18 01:37:20.406  3238  3870 D Arc[OplusBrightnessPhoneStateManager]: LuxEvent{event:MAIN_LUX lux:7.0} -> LuxEvent{event:MAIN_LUX lux:7.0}
08-18 01:37:20.613  3238  3870 D Arc[OplusBrightnessPhoneStateManager]: LuxEvent{event:MAIN_LUX lux:7.0} -> LuxEvent{event:MAIN_LUX lux:7.0}
08-18 01:37:20.822  3238  3870 D Arc[OplusBrightnessPhoneStateManager]: LuxEvent{event:MAIN_LUX lux:5.0} -> LuxEvent{event:MAIN_LUX lux:5.0}
08-18 01:37:21.035  3238  3870 D Arc[OplusBrightnessPhoneStateManager]: LuxEvent{event:MAIN_LUX lux:5.0} -> LuxEvent{event:MAIN_LUX lux:5.0}
08-18 01:37:21.241  3238  3870 D Arc[OplusBrightnessPhoneStateManager]: LuxEvent{event:MAIN_LUX lux:5.0} -> LuxEvent{event:MAIN_LUX lux:5.0}
08-18 01:37:21.448  3238  3870 D Arc[OplusBrightnessPhoneStateManager]: LuxEvent{event:MAIN_LUX lux:5.0} -> LuxEvent{event:MAIN_LUX lux:5.0}
08-18 01:37:21.454  3238  4027 I ActivityManager: Death received, pid = 5737, processName = com.heytap.mcs.appservice for thread android.os.BinderProxy@3bc306a
08-18 01:37:21.455  3238  7440 I ActivityManager: Process com.heytap.mcs.appservice (pid 5737) has died: vis IMPF
08-18 01:37:21.456 19373 19373 I ActivityThread: Removing dead content provider:android.content.ContentProviderProxy@f22b057
08-18 01:37:22.097  3238  3870 D OplusDisplayBrightnessBroadcastReceiver: onReceive action = android.intent.action.BATTERY_CHANGED , listeners = [com.android.server.display.OplusFeatureHDREnhanceBrightness$PhoneInfoReceiver@51833a6, com.android.server.display.OplusFeatureEdrEnhanceBrightness$PhoneInfoReceiver@36ec1e7]
08-18 01:37:23.337  3238  5111 W SettingsStatsUtil: Can not parse value to float: +network
08-18 01:37:23.344  3238  5111 W SettingsStatsUtil: Can not parse value to float: +network
08-18 01:37:25.827  3238  3819 D DisplayPowerController[0]: requestPowerState: policy=DIM, useProximitySensor=false, screenBrightnessOverride=-1.0, useAutoBrightness=false, screenAutoBrightnessAdjustmentOverride=NaN, screenLowPowerBrightnessFactor=1.0, blockScreenOn=false, lowPowerMode=false, boostScreenBrightness=false, dozeScreenBrightness=NaN, dozeScreenState=UNKNOWN, dozeScreenStateReason=DEFAULT_POLICY, waitForNegativeProximity=false displayReady=false pendingRequest=true
08-18 01:37:25.828  3238  3819 D DisplayManagerServiceExtImpl: request size(1,1),dpc=com.android.server.display.DisplayPowerController@bba5c75 size(0,1),flags=0X200F,id(0,0,local:4630946694713414275),enable=true,ready=false,waitForNegativeProximity=false policy=DIM,useProximitySensor=false,dozeState=UNKNOWN,screenBrightnessOverride=-1.000000,useAuto=false,lowPower=false,lowPowerFactor=1.000000
08-18 01:37:25.829  3238  3819 I OplusSmartBrightnessController: handleBrightnessTotalRateType displayId[0]=automatic->dim
08-18 01:37:25.829  3238  3819 D OplusPanelFeatureController:  onSunlightModeChanged: 0
08-18 01:37:25.829  3238  3819 D AidlDisplayPanelFeature: setDisplayPanelFeatureValue +++, ID:247, value:0
08-18 01:37:25.832  3238  3889 D VRR [OPlusRefreshRateService]: handleScreenStateChangeWarning state : 1
08-18 01:37:25.832  3238  3889 D VRR [OPlusGameStatusManager]: screenStateChangeWarning state: 1
08-18 01:37:25.832  3238  3889 D VRR [OPlusGameStatusManager]: notifySceneChange scene: 1
08-18 01:37:25.839  3238  3889 D DisplayManagerServiceExtImpl: scheduleTraversalLocked intraversal=false
08-18 01:37:25.840  3238  3594 D DisplayManagerService: MSG_REQUEST_TRAVERSAL pendingCompleted=false
08-18 01:37:25.845  3238  3599 D DisplayManagerService: performTraversalInternal pendingTraversal
08-18 01:37:25.845  3238  3599 D DisplayDevice: setLayerStackLocked id=local:4630946694713414275 token=android.os.BinderProxy@4d74dd6 stack=0->0
08-18 01:37:25.851  3238  3819 D OplusSmartBrightnessController: setUAD: isRequest=true, event=1008, ret=false
08-18 01:37:25.851  3238  3819 D OplusFeatureHDREnhanceBrightness: setAnimating : displayId[0]=true
08-18 01:37:25.851  3238  3819 D OplusFeatureReduceBrightness: setAnimating : animating = true
08-18 01:37:25.851  3238  3819 D OplusFeatureEdrEnhanceBrightness: setAnimating: true
08-18 01:37:25.851  3238  3819 D OplusFeaturePwEdrEnhanceBrightness: setAnimating: true
08-18 01:37:25.851  3238  3819 D OplusSmartBrightnessController: setUAD: isRequest=true, event=1008, ret=false
08-18 01:37:25.854  3238  3819 D DpcExtImpl[0]: Animating brightness: hdrBrightness target=15187->12,sdrBrightness target=15187->12,rate=14600->14600,type=dim,byUse=false local:4630946694713414275
08-18 01:37:25.855  3238  3819 D DpcExtImpl[0]: RECORD:onUpdatePowerState policy:2 state:2 brightness:12
08-18 01:37:25.855  3238  3819 D DisplayPowerController[0]: updatePowerStateInternal policy:BRIGHT->DIM,state:ON->ON policy=DIM, useProximitySensor=false, screenBrightnessOverride=-1.0, useAutoBrightness=false, screenAutoBrightnessAdjustmentOverride=NaN, screenLowPowerBrightnessFactor=1.0, blockScreenOn=false, lowPowerMode=false, boostScreenBrightness=false, dozeScreenBrightness=NaN, dozeScreenState=UNKNOWN, dozeScreenStateReason=DEFAULT_POLICY
08-18 01:37:25.866  3238  4410 D DisplayDeviceExt: setDisplayBrightness(4630946694713414275,15048.0, 0.736240, 588.256),verbose[(1,ON):15187.0->15048.0,(15048.0, 15048.0)]
08-18 01:37:25.868  3238  3889 D VRR [OPlusSAManager]: updateAutoMinfps with nits: 588.2596, mHistOK true, mAmbientOK false, mCctOK true, mIrOK true, mBrightnessOK true, isPkgOK true, SA min fps: 1
08-18 01:37:25.893  3238  4410 D DisplayDeviceExt: setDisplayBrightness(4630946694713414275,14612.0, 0.714908, 549.848),verbose[(2,ON):15048.0->14612.0,(14612.0, 14612.0)]
08-18 01:37:25.894  3238  3889 D VRR [OPlusSAManager]: updateAutoMinfps with nits: 549.8401, mHistOK true, mAmbientOK false, mCctOK true, mIrOK true, mBrightnessOK true, isPkgOK true, SA min fps: 1
08-18 01:37:25.909  3238  4410 D DisplayDeviceExt: setDisplayBrightness(4630946694713414275,14368.0, 0.702970, 529.711),verbose[(3,ON):14612.0->14368.0,(14368.0, 14368.0)]
08-18 01:37:25.911  3238  3889 D VRR [OPlusSAManager]: updateAutoMinfps with nits: 529.71545, mHistOK true, mAmbientOK false, mCctOK true, mIrOK true, mBrightnessOK true, isPkgOK true, SA min fps: 1
08-18 01:37:25.927  3238  4410 D DisplayDeviceExt: setDisplayBrightness(4630946694713414275,14125.0, 0.691081, 509.856),verbose[(4,ON):14368.0->14125.0,(14125.0, 14125.0)]
08-18 01:37:25.929  3238  3889 D VRR [OPlusSAManager]: updateAutoMinfps with nits: 509.84637, mHistOK true, mAmbientOK false, mCctOK true, mIrOK true, mBrightnessOK true, isPkgOK true, SA min fps: 1
08-18 01:37:25.945  3238  3889 D VRR [OPlusSAManager]: updateAutoMinfps with nits: 491.24695, mHistOK true, mAmbientOK false, mCctOK true, mIrOK true, mBrightnessOK true, isPkgOK true, SA min fps: 1
08-18 01:37:25.960  3238  3889 D VRR [OPlusSAManager]: updateAutoMinfps with nits: 475.51782, mHistOK true, mAmbientOK false, mCctOK true, mIrOK true, mBrightnessOK true, isPkgOK true, SA min fps: 1
08-18 01:37:25.980  3238  3889 D VRR [OPlusSAManager]: updateAutoMinfps with nits: 456.0323, mHistOK true, mAmbientOK false, mCctOK true, mIrOK true, mBrightnessOK true, isPkgOK true, SA min fps: 1
08-18 01:37:26.011  3238  3889 D VRR [OPlusSAManager]: updateAutoMinfps with nits: 421.07843, mHistOK true, mAmbientOK false, mCctOK true, mIrOK true, mBrightnessOK true, isPkgOK true, SA min fps: 1
08-18 01:37:26.027  3238  3889 D VRR [OPlusSAManager]: updateAutoMinfps with nits: 405.9851, mHistOK true, mAmbientOK false, mCctOK true, mIrOK true, mBrightnessOK true, isPkgOK true, SA min fps: 1
08-18 01:37:26.042  3238  3889 D VRR [OPlusSAManager]: updateAutoMinfps with nits: 388.43665, mHistOK true, mAmbientOK false, mCctOK true, mIrOK true, mBrightnessOK true, isPkgOK true, SA min fps: 1
08-18 01:37:26.058  3238  3889 D VRR [OPlusSAManager]: updateAutoMinfps with nits: 372.81128, mHistOK true, mAmbientOK false, mCctOK true, mIrOK true, mBrightnessOK true, isPkgOK true, SA min fps: 1
08-18 01:37:26.079  3238  3889 D VRR [OPlusSAManager]: updateAutoMinfps with nits: 356.49738, mHistOK true, mAmbientOK false, mCctOK true, mIrOK true, mBrightnessOK true, isPkgOK true, SA min fps: 1
08-18 01:37:26.092  3238  3889 D VRR [OPlusSAManager]: updateAutoMinfps with nits: 341.1109, mHistOK true, mAmbientOK false, mCctOK true, mIrOK true, mBrightnessOK true, isPkgOK true, SA min fps: 1
08-18 01:37:26.108  3238  3889 D VRR [OPlusSAManager]: updateAutoMinfps with nits: 325.30838, mHistOK true, mAmbientOK false, mCctOK true, mIrOK true, mBrightnessOK true, isPkgOK true, SA min fps: 1
08-18 01:37:26.127  3238  3889 D VRR [OPlusSAManager]: updateAutoMinfps with nits: 311.42316, mHistOK true, mAmbientOK false, mCctOK true, mIrOK true, mBrightnessOK true, isPkgOK true, SA min fps: 1
08-18 01:37:26.141  3238  3889 D VRR [OPlusSAManager]: updateAutoMinfps with nits: 296.84818, mHistOK true, mAmbientOK false, mCctOK true, mIrOK true, mBrightnessOK true, isPkgOK true, SA min fps: 1
08-18 01:37:26.156  3238  3889 D VRR [OPlusSAManager]: updateAutoMinfps with nits: 282.9013, mHistOK true, mAmbientOK false, mCctOK true, mIrOK true, mBrightnessOK true, isPkgOK true, SA min fps: 1
08-18 01:37:26.176  3238  3889 D VRR [OPlusSAManager]: updateAutoMinfps with nits: 269.10965, mHistOK true, mAmbientOK false, mCctOK true, mIrOK true, mBrightnessOK true, isPkgOK true, SA min fps: 1
08-18 01:37:26.190  3238  3889 D VRR [OPlusSAManager]: updateAutoMinfps with nits: 256.26694, mHistOK true, mAmbientOK false, mCctOK true, mIrOK true, mBrightnessOK true, isPkgOK true, SA min fps: 1
08-18 01:37:26.205  3238  3889 D VRR [OPlusSAManager]: updateAutoMinfps with nits: 242.85925, mHistOK true, mAmbientOK false, mCctOK true, mIrOK true, mBrightnessOK true, isPkgOK true, SA min fps: 1
08-18 01:37:26.226  3238  3889 D VRR [OPlusSAManager]: updateAutoMinfps with nits: 230.97052, mHistOK true, mAmbientOK false, mCctOK true, mIrOK true, mBrightnessOK true, isPkgOK true, SA min fps: 1
08-18 01:37:26.238  3238  3889 D VRR [OPlusSAManager]: updateAutoMinfps with nits: 218.79596, mHistOK true, mAmbientOK false, mCctOK true, mIrOK true, mBrightnessOK true, isPkgOK true, SA min fps: 1
08-18 01:37:26.255  3238  3889 D VRR [OPlusSAManager]: updateAutoMinfps with nits: 207.884, mHistOK true, mAmbientOK false, mCctOK true, mIrOK true, mBrightnessOK true, isPkgOK true, SA min fps: 1
08-18 01:37:26.276  3238  3889 D VRR [OPlusSAManager]: updateAutoMinfps with nits: 195.60144, mHistOK true, mAmbientOK false, mCctOK true, mIrOK true, mBrightnessOK true, isPkgOK true, SA min fps: 1
08-18 01:37:26.288  3238  3889 D VRR [OPlusSAManager]: updateAutoMinfps with nits: 183.88828, mHistOK true, mAmbientOK false, mCctOK true, mIrOK true, mBrightnessOK true, isPkgOK true, SA min fps: 1
08-18 01:37:26.304  3238  3889 D VRR [OPlusSAManager]: updateAutoMinfps with nits: 172.68475, mHistOK true, mAmbientOK false, mCctOK true, mIrOK true, mBrightnessOK true, isPkgOK true, SA min fps: 1
08-18 01:37:26.329  3238  3889 D VRR [OPlusSAManager]: updateAutoMinfps with nits: 161.54933, mHistOK true, mAmbientOK false, mCctOK true, mIrOK true, mBrightnessOK true, isPkgOK true, SA min fps: 1
08-18 01:37:26.338  3238  3889 D VRR [OPlusSAManager]: updateAutoMinfps with nits: 151.30963, mHistOK true, mAmbientOK false, mCctOK true, mIrOK true, mBrightnessOK true, isPkgOK true, SA min fps: 1
08-18 01:37:26.374  3238  3889 D VRR [OPlusSAManager]: updateAutoMinfps with nits: 131.78307, mHistOK true, mAmbientOK false, mCctOK true, mIrOK true, mBrightnessOK true, isPkgOK true, SA min fps: 1
08-18 01:37:26.403  3238  3889 D VRR [OPlusSAManager]: updateAutoMinfps with nits: 114.43446, mHistOK true, mAmbientOK false, mCctOK true, mIrOK true, mBrightnessOK true, isPkgOK true, SA min fps: 1
08-18 01:37:26.435  3238  3889 D VRR [OPlusSAManager]: updateAutoMinfps with nits: 98.688385, mHistOK true, mAmbientOK false, mCctOK true, mIrOK true, mBrightnessOK true, isPkgOK true, SA min fps: 1
08-18 01:37:26.473  3238  3889 D VRR [OPlusSAManager]: updateAutoMinfps with nits: 84.68655, mHistOK true, mAmbientOK false, mCctOK true, mIrOK true, mBrightnessOK true, isPkgOK true, SA min fps: 1
08-18 01:37:26.502  3238  3889 D VRR [OPlusSAManager]: updateAutoMinfps with nits: 71.91086, mHistOK true, mAmbientOK false, mCctOK true, mIrOK true, mBrightnessOK true, isPkgOK true, SA min fps: 1
08-18 01:37:26.502  3238  3889 D VRR [OPlusSAManager]: notifyBrightnessBlockedRefreshRateChange is true
08-18 01:37:26.504  3238  3889 D VRR [OPlusExternalRefreshRateManager]:  [OTI] setBrightnessBlockedRefreshRate : true rate=3
08-18 01:37:26.504  3238  3889 D RefreshRate: enterBrightnessChangeToFlicker enter=true,rate=3: votes=PRIORITY_WINDOW_REQUEST -> Vote{mRefreshRate=90.0, mMinRefreshRate=90.0, mRequestSource=null};
08-18 01:37:26.524  3238  3889 D VRR [OPlusSAManager]: handleBrightnessChange mBrightnessOK: false
08-18 01:37:26.524  3238  3889 D VRR [OPlusSAManager]: updateAutoMinfps with nits: 71.91086, mHistOK true, mAmbientOK false, mCctOK true, mIrOK true, mBrightnessOK false, isPkgOK true, SA min fps: 1
08-18 01:37:26.526  3238  3599 D VRR [OPlusRefreshRatePolicy]: setRefreshRatePolicy policy=POLICY_SYSTEM, refreshRate=90, statusOn=false
08-18 01:37:26.526  3238  3599 D VRR [OPlusRefreshRatePolicy]: setRefreshRatePolicy policy=POLICY_SYSTEM, refreshRate=120, statusOn=true
08-18 01:37:26.527  3238  3599 D RefreshRate: Refresh rate changing from 90.0 to 120.00001,maxRefreshRate=120.00001 FOR:{
08-18 01:37:26.527  3238  3599 D RefreshRate:     | COURSE[;refreshRateUpFromDisplay rateId:3 ;win name:com.coloros.phonemanager/com.oplus.phonemanager.securitycheck.SecurityCheckActivity]
08-18 01:37:26.527  3238  3599 D RefreshRate:     | VOTES[PRIORITY_WINDOW_REQUEST -> Vote{mRefreshRate=120.0, mMinRefreshRate=120.0, mRequestSource=null};]
08-18 01:37:26.527  3238  3599 D RefreshRate:     | TIME:2025-08-17 20:37:26}
08-18 01:37:26.527  3238  3599 D DisplayModeDirector: setAppRequest displayId : 0  modeId: 1  requestedRefreshRate: 0.0  requestedMinRefreshRateRange: 0.0  requestedMaxRefreshRateRange: 120.00001
08-18 01:37:26.528  3238  3594 D DisplayManagerServiceExtImpl: scheduleTraversalLocked intraversal=false
08-18 01:37:26.528  3238  3599 D DisplayManagerService: performTraversalInternal pendingTraversal
08-18 01:37:26.528  3238  3599 D DisplayDevice: setLayerStackLocked id=local:4630946694713414275 token=android.os.BinderProxy@4d74dd6 stack=0->0
08-18 01:37:26.528  3238  3889 D LocalDisplayAdapter: setDesiredDisplayModeSpecsAsync: display unique id = local:4630946694713414275, display mode specs = defaultMode=0 allowGroupSwitching=false primaryRanges=physical: (0.0 120.0) render:  (0.0 120.0) appRequestRanges=physical: (0.0 120.0) render:  (0.0 120.0) idleScreenRefreshRate=null
08-18 01:37:26.530  3238  3594 D DisplayManagerService: MSG_REQUEST_TRAVERSAL pendingCompleted=false
08-18 01:37:26.537  3238  3889 D VRR [OPlusSAManager]: updateAutoMinfps with nits: 58.089516, mHistOK true, mAmbientOK false, mCctOK true, mIrOK true, mBrightnessOK false, isPkgOK true, SA min fps: 1
08-18 01:37:26.549  3238  3594 I DisplayDeviceRepository: Display device changed render timings: " ", renderFrameRate=90.0, presentationDeadlineNanos=16111111, appVsyncOffsetNanos=4555556
08-18 01:37:26.549  3238  3594 D LogicalDisplayExt: set displayInfo flag FLAG_ROTATES_WITH_CONTENT
08-18 01:37:26.552  3238  3594 D DisplayManagerServiceExtImpl: scheduleTraversalLocked intraversal=false
08-18 01:37:26.552  3238  3594 I DisplayManagerServiceExtImpl: handle logical display changed logicalDisplay=id=0,stack=0,content=true,displayInfo{stack=0,type=1,id=0,uId=local:4630946694713414275,state=ON,pkg=null}
08-18 01:37:26.553  3238  3819 D BrightnessThermalClamper: Thermal status observer already started
08-18 01:37:26.553  3238  3819 D BrightnessPowerClamper: Power throttling data is missing for configuration data.
08-18 01:37:26.553  3238  3594 D DisplayManagerService: Delivering display event: displayId=0, event=CHANGED
08-18 01:37:26.556  4432  4432 D CastManagerService: onDisplayChanged.
08-18 01:37:26.556  3238  3594 D DisplayManagerService: MSG_REQUEST_TRAVERSAL pendingCompleted=false
08-18 01:37:26.558  3238  3589 D OplusVFXScreenEffectFeature: notifySFCompatWindowStateChange entered false
08-18 01:37:26.558  3238  3589 D FSS_FoldScreenBlackCoverController: displayChangeToOn, dc:Display{#0 state=ON size=1264x2780 ROTATION_0}
08-18 01:37:26.559  3238  3589 D DisplayManagerService: performTraversalInternal pendingTraversal
08-18 01:37:26.559  3238  3589 D DisplayDevice: setLayerStackLocked id=local:4630946694713414275 token=android.os.BinderProxy@4d74dd6 stack=0->0
08-18 01:37:26.564  3238  3594 I DisplayDeviceRepository: Display device changed render timings: " ", renderFrameRate=120.00001, presentationDeadlineNanos=13333333, appVsyncOffsetNanos=1000000
08-18 01:37:26.564  3238  3594 D LogicalDisplayExt: set displayInfo flag FLAG_ROTATES_WITH_CONTENT
08-18 01:37:26.565  3238  3594 D DisplayManagerServiceExtImpl: scheduleTraversalLocked intraversal=false
08-18 01:37:26.565  3238  3594 I DisplayManagerServiceExtImpl: handle logical display changed logicalDisplay=id=0,stack=0,content=true,displayInfo{stack=0,type=1,id=0,uId=local:4630946694713414275,state=ON,pkg=null}
08-18 01:37:26.565  3238  3819 D BrightnessThermalClamper: Thermal status observer already started
08-18 01:37:26.565  3238  3819 D BrightnessPowerClamper: Power throttling data is missing for configuration data.
08-18 01:37:26.565  3238  3594 D DisplayManagerService: Delivering display event: displayId=0, event=CHANGED
08-18 01:37:26.567  3238  3594 D DisplayManagerService: MSG_REQUEST_TRAVERSAL pendingCompleted=false
08-18 01:37:26.568  3238  3599 D DisplayManagerService: performTraversalInternal pendingTraversal
08-18 01:37:26.568  3238  3599 D DisplayDevice: setLayerStackLocked id=local:4630946694713414275 token=android.os.BinderProxy@4d74dd6 stack=0->0
08-18 01:37:26.570  3238  3589 D OplusVFXScreenEffectFeature: notifySFCompatWindowStateChange entered false
08-18 01:37:26.570  3238  3589 D FSS_FoldScreenBlackCoverController: displayChangeToOn, dc:Display{#0 state=ON size=1264x2780 ROTATION_0}
08-18 01:37:26.571  4432  4432 D CastManagerService: onDisplayChanged.
08-18 01:37:26.578  3238  3889 D VRR [OPlusSAManager]: updateAutoMinfps with nits: 44.511063, mHistOK true, mAmbientOK false, mCctOK true, mIrOK true, mBrightnessOK false, isPkgOK true, SA min fps: 1
08-18 01:37:26.614  3238  3889 D VRR [OPlusSAManager]: updateAutoMinfps with nits: 34.411217, mHistOK true, mAmbientOK false, mCctOK true, mIrOK true, mBrightnessOK false, isPkgOK true, SA min fps: 1
08-18 01:37:26.615  3238  3889 D VRR [OPlusRefreshRateService]: handleConfigIdChange physicalDisplayId: 4630946694713414275 configId: 0 renderPeriod: 8333333
08-18 01:37:26.615  3238  3889 D VRR [OPlusSAManager]: updateModeChange old modeId [ 1 ] -> new modeId [ 0 ] mCurPolicy: 1
08-18 01:37:26.615  3238  3889 D VRR [OPlusSAManager]: updateSAScene active modeId: 0
08-18 01:37:26.615  3238  3889 D VRR [OPlusSAManager]: updateSAScene current policy: 1 active modeId: 0 scene: VRR_90_120
08-18 01:37:26.615  3238  3889 D VRR [OPlusOAManager]: Not OA business! new modeId: [0] active modeId: [1]
08-18 01:37:26.615  3238  3889 D VRR [OPlusGameStatusManager]: updateGameState mOSyncFeatureSwitch: false mIsGamePolicy: false
08-18 01:37:26.615  3238  3889 D VRR [OPlusGameStatusManager]: setLTMStatus false curPkgName: com.coloros.phonemanager curr status: false HeartStop: false HeartStopFromTGPA: false ActiveFPS: 120.00001
08-18 01:37:26.615  3238  3889 D VRR [OPlusGameStatusManager]: updateGameAccelerationStatus pkgName: com.coloros.phonemanager mOSyncFeatureSwitch: false mIsGamePolicy: false mHeartStop: false mHasFlickerRisk: false mForceAcceleration: false mToastReady: false enable: false
08-18 01:37:26.615  3238  3889 D VRR [OPlusGameStatusManager]: updateToastStatus enableAcceleration: false toastReady: false isGamePolicy: false desiredModeId: 0
08-18 01:37:26.615  3238  3889 D VRR [OPlusGameStatusManager]: updateToastStatus enableAcceleration: false toastReady: false isGamePolicy: false desiredModeId: 0
08-18 01:37:26.665  3238  3889 D VRR [OPlusSAManager]: updateAutoMinfps with nits: 23.158545, mHistOK true, mAmbientOK false, mCctOK true, mIrOK true, mBrightnessOK false, isPkgOK true, SA min fps: 0
08-18 01:37:26.665  3238  3889 D VRR [OPlusSurfaceFlingerController]: setAutoMode enable: false fakeFrame: false fps: 0
08-18 01:37:26.666  3238  3889 D VRR [OPlusSAManager]: setSAConfig scene: VRR_90_120 modeId: 0 auto: true fakeFrame: true
08-18 01:37:26.666  3238  3889 D VRR [OPlusSAManager]: updateAutoMinfps with nits: 23.158545, mHistOK true, mAmbientOK false, mCctOK true, mIrOK true, mBrightnessOK false, isPkgOK true, SA min fps: 0
08-18 01:37:26.666  3238  3889 D VRR [OPlusSurfaceFlingerController]: setAutoMode enable: true fakeFrame: true fps: 0
08-18 01:37:26.723  3238  3889 D VRR [OPlusSAManager]: updateAutoMinfps with nits: 12.938271, mHistOK true, mAmbientOK false, mCctOK true, mIrOK true, mBrightnessOK false, isPkgOK true, SA min fps: 0
08-18 01:37:26.853  3238  3889 D VRR [OPlusSAManager]: updateAutoMinfps with nits: 2.8377817, mHistOK true, mAmbientOK false, mCctOK true, mIrOK true, mBrightnessOK false, isPkgOK true, SA min fps: 0
08-18 01:37:26.899  3238  3819 D OplusFeatureHDREnhanceBrightness: setAnimating : displayId[0]=false
08-18 01:37:26.900  3238  3819 D OplusFeatureReduceBrightness: setAnimating : animating = false
08-18 01:37:26.900  3238  3819 D OplusFeatureEdrEnhanceBrightness: setAnimating: false
08-18 01:37:26.900  3238  3819 D OplusFeaturePwEdrEnhanceBrightness: setAnimating: false
08-18 01:37:26.900  3238  3819 D RampAnimatorExtImpl: onAnimationEnd id[0]=[true,0],changed=[15187->15187->12],duration:1049,phaseCounts=[0, 0, 0]
08-18 01:37:26.900  3238  3819 D OplusSmartBrightnessController: setUAD: isRequest=false, event=1008, ret=false
08-18 01:37:26.900  3238  3870 I OplusSmartBrightnessController: handleMessage MSG_SET_SETTINGS_MIN_BRI_PREVIEW false
08-18 01:37:26.900  3238  3819 D OplusSmartBrightnessController: setUAD: isRequest=false, event=1008, ret=false
08-18 01:37:26.901  3238  3819 D OplusFeatureTemperatureLimitBrightness: not Apollo project uses the new rate , rate:20
08-18 01:37:27.167  3238  3889 D VRR [OPlusSAManager]: updateAutoMinfps with nits: 2.8377817, mHistOK true, mAmbientOK false, mCctOK true, mIrOK true, mBrightnessOK false, isPkgOK true, SA min fps: 0
08-18 01:37:27.167  3238  3889 D VRR [OPlusSurfaceFlingerController]: setAutoMode enable: true fakeFrame: true fps: 0
08-18 01:37:27.203  3238  3870 D OplusDisplayBrightnessBroadcastReceiver: onReceive action = android.intent.action.BATTERY_CHANGED , listeners = [com.android.server.display.OplusFeatureHDREnhanceBrightness$PhoneInfoReceiver@51833a6, com.android.server.display.OplusFeatureEdrEnhanceBrightness$PhoneInfoReceiver@36ec1e7]
08-18 01:37:27.537  3238  3889 D VRR [OPlusSAManager]: notifyBrightnessBlockedRefreshRateChange is false
08-18 01:37:27.539  3238  3889 D VRR [OPlusExternalRefreshRateManager]:  [OTI] setBrightnessBlockedRefreshRate : false rate=3
08-18 01:37:27.540  3238  3889 D RefreshRate: enterBrightnessChangeToFlicker enter=false,rate=3: votes=PRIORITY_WINDOW_REQUEST -> Vote{mRefreshRate=120.0, mMinRefreshRate=120.0, mRequestSource=null};
08-18 01:37:27.540  3238  3889 D VRR [OPlusSAManager]: handleBrightnessChange mBrightnessOK: true
08-18 01:37:27.540  3238  3889 D VRR [OPlusSAManager]: updateAutoMinfps with nits: 2.8377817, mHistOK true, mAmbientOK false, mCctOK true, mIrOK true, mBrightnessOK true, isPkgOK true, SA min fps: 0
08-18 01:37:27.543  3238  3599 D VRR [OPlusRefreshRatePolicy]: setRefreshRatePolicy policy=POLICY_SYSTEM, refreshRate=120, statusOn=false
08-18 01:37:27.545  3238  3599 D VRR [OPlusRefreshRatePolicy]: setRefreshRatePolicy policy=POLICY_SYSTEM, refreshRate=90, statusOn=true
08-18 01:37:27.545  3238  3599 D RefreshRate: Refresh rate changing from 120.00001 to 90.0,maxRefreshRate=90.0 FOR:{
08-18 01:37:27.545  3238  3599 D RefreshRate:     | COURSE[; Win preferred rateId=1, appReqFirst=false, data= RateData{PreferredRefreshRateData{mPreferredRefreshRateId=[1, 1, 2, 3],isAnimBoost=true}} ;win name:com.coloros.phonemanager/com.oplus.phonemanager.securitycheck.SecurityCheckActivity]
08-18 01:37:27.545  3238  3599 D RefreshRate:     | VOTES[PRIORITY_WINDOW_REQUEST -> Vote{mRefreshRate=90.0, mMinRefreshRate=90.0, mRequestSource=null};]
08-18 01:37:27.545  3238  3599 D RefreshRate:     | TIME:2025-08-17 20:37:27}
08-18 01:37:27.546  3238  3599 D DisplayModeDirector: setAppRequest displayId : 0  modeId: 3  requestedRefreshRate: 0.0  requestedMinRefreshRateRange: 0.0  requestedMaxRefreshRateRange: 90.0
08-18 01:37:27.550  3238  3594 D DisplayManagerServiceExtImpl: scheduleTraversalLocked intraversal=false
08-18 01:37:27.554  3238  3594 D DisplayManagerService: MSG_REQUEST_TRAVERSAL pendingCompleted=false
08-18 01:37:27.560  3238  3599 D DisplayManagerService: performTraversalInternal pendingTraversal
08-18 01:37:27.560  3238  3599 D DisplayDevice: setLayerStackLocked id=local:4630946694713414275 token=android.os.BinderProxy@4d74dd6 stack=0->0
08-18 01:37:27.563  3238  3889 D LocalDisplayAdapter: setDesiredDisplayModeSpecsAsync: display unique id = local:4630946694713414275, display mode specs = defaultMode=2 allowGroupSwitching=false primaryRanges=physical: (0.0 120.0) render:  (0.0 90.0) appRequestRanges=physical: (0.0 120.0) render:  (0.0 90.0) idleScreenRefreshRate=null
08-18 01:37:27.580  3238  3594 I DisplayDeviceRepository: Display device changed render timings: " ", renderFrameRate=90.0, presentationDeadlineNanos=16111111, appVsyncOffsetNanos=4555556
08-18 01:37:27.580  3238  3594 D LogicalDisplayExt: set displayInfo flag FLAG_ROTATES_WITH_CONTENT
08-18 01:37:27.583  3238  3594 D DisplayManagerServiceExtImpl: scheduleTraversalLocked intraversal=false
08-18 01:37:27.583  3238  3594 I DisplayManagerServiceExtImpl: handle logical display changed logicalDisplay=id=0,stack=0,content=true,displayInfo{stack=0,type=1,id=0,uId=local:4630946694713414275,state=ON,pkg=null}
08-18 01:37:27.583  3238  3594 D DisplayManagerService: Delivering display event: displayId=0, event=CHANGED
08-18 01:37:27.585  4432  4432 D CastManagerService: onDisplayChanged.
08-18 01:37:27.586  3238  3594 D DisplayManagerService: MSG_REQUEST_TRAVERSAL pendingCompleted=false
08-18 01:37:27.590  3238  3589 D OplusVFXScreenEffectFeature: notifySFCompatWindowStateChange entered false
08-18 01:37:27.590  3238  3589 D FSS_FoldScreenBlackCoverController: displayChangeToOn, dc:Display{#0 state=ON size=1264x2780 ROTATION_0}
08-18 01:37:27.590  3238  3819 D BrightnessThermalClamper: Thermal status observer already started
08-18 01:37:27.590  3238  3819 D BrightnessPowerClamper: Power throttling data is missing for configuration data.
08-18 01:37:27.591  3238  3599 D DisplayManagerService: performTraversalInternal pendingTraversal
08-18 01:37:27.591  3238  3599 D DisplayDevice: setLayerStackLocked id=local:4630946694713414275 token=android.os.BinderProxy@4d74dd6 stack=0->0
08-18 01:37:27.631  3238  3889 D VRR [OPlusRefreshRateService]: handleConfigIdChange physicalDisplayId: 4630946694713414275 configId: 2 renderPeriod: 11111111
08-18 01:37:27.632  3238  3889 D VRR [OPlusSAManager]: updateModeChange old modeId [ 0 ] -> new modeId [ 2 ] mCurPolicy: 1
08-18 01:37:27.632  3238  3889 D VRR [OPlusSAManager]: updateSAScene active modeId: 2
08-18 01:37:27.632  3238  3889 D VRR [OPlusSAManager]: updateSAScene current policy: 1 active modeId: 2 scene: VRR_90_120
08-18 01:37:27.632  3238  3889 D VRR [OPlusOAManager]: Not OA business! new modeId: [2] active modeId: [0]
08-18 01:37:27.632  3238  3889 D VRR [OPlusGameStatusManager]: updateGameState mOSyncFeatureSwitch: false mIsGamePolicy: false
08-18 01:37:27.632  3238  3889 D VRR [OPlusGameStatusManager]: setLTMStatus false curPkgName: com.coloros.phonemanager curr status: false HeartStop: false HeartStopFromTGPA: false ActiveFPS: 90.0
08-18 01:37:27.633  3238  3889 D VRR [OPlusGameStatusManager]: updateGameAccelerationStatus pkgName: com.coloros.phonemanager mOSyncFeatureSwitch: false mIsGamePolicy: false mHeartStop: false mHasFlickerRisk: false mForceAcceleration: false mToastReady: false enable: false
08-18 01:37:27.633  3238  3889 D VRR [OPlusGameStatusManager]: updateToastStatus enableAcceleration: false toastReady: false isGamePolicy: false desiredModeId: 2
08-18 01:37:27.633  3238  3889 D VRR [OPlusGameStatusManager]: updateToastStatus enableAcceleration: false toastReady: false isGamePolicy: false desiredModeId: 2
08-18 01:37:27.633  3238  3889 D VRR [OPlusExternalRefreshRateManager]:  Display refreshrate :90 , Switch to OTI-HW 
08-18 01:37:27.683  3238  3889 D VRR [OPlusSAManager]: setSAConfig scene: VRR_90_120 modeId: 2 auto: true fakeFrame: true
08-18 01:37:27.683  3238  3889 D VRR [OPlusSAManager]: updateAutoMinfps with nits: 2.8377817, mHistOK true, mAmbientOK false, mCctOK true, mIrOK true, mBrightnessOK true, isPkgOK true, SA min fps: 0
08-18 01:37:27.683  3238  3889 D VRR [OPlusSurfaceFlingerController]: setAutoMode enable: true fakeFrame: true fps: 0
08-18 01:37:27.816  3238  3760 I ActivityManager: Start proc 7542:ru.auto.ara:AppMetrica/u0a345 for service {ru.auto.ara/io.appmetrica.analytics.internal.AppMetricaService}
08-18 01:37:27.829  3238  3870 D Arc[OplusBrightnessAmbientAdapter]: setManualAutomaticMode true--->false
08-18 01:37:27.829  3238  3870 D Arc[OplusBrightnessSceneAdapter]: putToWork:false
08-18 01:37:27.829  3238  3870 D Arc[OplusBrightnessPhoneStateManager]: registerListener: false lastRegister:true
08-18 01:37:27.831  3238  3870 D Arc[LuxEvent]: main light sensor enable:false
08-18 01:37:27.832  3238  3870 D Arc[LuxEvent]: unregister MAIN_LIGHT result:true
08-18 01:37:27.832  3238  3870 D Arc[LuxEvent]: aux light sensor enable:false
08-18 01:37:27.832  3238  3870 D Arc[LuxEvent]: unregister AUX_LIGHT result:true
08-18 01:37:27.846  3238  3870 D Arc[TimeEvent]: unregister TimeChangeReceiver event result:true
08-18 01:37:27.847  3238  3870 D Arc[NetworkEvent]: register network event result:true
08-18 01:37:27.847  3238  3870 D Arc[ProximityEvent]: proximity sensor enable:false
08-18 01:37:27.847  3238  3870 D Arc[ProximityEvent]: unregister PROXIMITY result:true
08-18 01:37:27.848  3238  3870 D Arc[InOutDoorEvent]: unregister inOutDoor event result:true
08-18 01:37:27.851  3238  3870 D Arc[SensorDelegate]: MAIN_LIGHT unregisterListener success
08-18 01:37:27.858  3238  5074 D ActivityTaskManagerServiceExtImpl: preBindApplication record is null
08-18 01:37:27.860  3238  3870 D Arc[SensorDelegate]: AUX_LIGHT unregisterListener success
08-18 01:37:27.866  3238  3870 D Arc[SensorDelegate]: PROXIMITY unregisterListener success
08-18 01:37:27.866  3238  3870 D Arc[DeepThinkerDelegate]: requestLocationInfo...
08-18 01:37:27.875  3238  3870 E AppOps  : attributionTag ArcBrightness not declared in manifest of android
08-18 01:37:27.876  3238  3870 E AppOps  : attributionTag ArcBrightness not declared in manifest of android
08-18 01:37:27.896  3238  3588 E AppOps  : attributionTag OplusLBS not declared in manifest of android
08-18 01:37:27.898  3238  3588 E AppOps  : attributionTag OplusLBS not declared in manifest of android
08-18 01:37:28.042  7542  7542 D ResourcesManagerExtImpl: applyConfigurationToAppResourcesLocked app.getDisplayId() return callback.displayId:-1
08-18 01:37:28.107  3238  4032 I ActivityManager: Killing 3912:com.coloros.alarmclock:clockWidget/u0a178 (adj 985): empty #25
08-18 01:37:28.138  3238  6396 I ActivityManager: Death received, pid = 3912, processName = com.coloros.alarmclock:clockWidget for thread android.os.BinderProxy@e2abbff
08-18 01:37:28.141  3238  3589 D DisplayManagerService: Drop pending events for gone uid 10178
08-18 01:37:28.144  3238  5074 D CompatChangeReporter: Compat change id reported: 161145287; UID 10345; state: ENABLED
08-18 01:37:28.183  3238  4357 I ActivityManager: Flag disabled. Ignoring finishAttachApplication from uid: 10345. pid: 7542
08-18 01:37:28.184  3238  3889 D VRR [OPlusSAManager]: updateAutoMinfps with nits: 2.8377817, mHistOK true, mAmbientOK false, mCctOK true, mIrOK true, mBrightnessOK true, isPkgOK true, SA min fps: 0
08-18 01:37:28.184  3238  3889 D VRR [OPlusSurfaceFlingerController]: setAutoMode enable: true fakeFrame: true fps: 0
08-18 01:37:28.214  3238  4357 I ActivityManager: Killing 6261:com.tencent.soter.soterserver/u0a243 (adj 965): empty #25
08-18 01:37:28.235  3238  6396 I ActivityManager: Death received, pid = 6261, processName = com.tencent.soter.soterserver for thread android.os.BinderProxy@6862bf7
08-18 01:37:28.237  3238  3589 D DisplayManagerService: Drop pending events for gone uid 10243
08-18 01:37:28.348  3238  3870 D Arc[NetworkDelegate]: unregisterNetworkCallback success.
08-18 01:37:29.349  3238  4569 E AppOps  : attributionTag OplusLBS not declared in manifest of android
08-18 01:37:29.356  3238  4357 E AppOps  : attributionTag ArcBrightness not declared in manifest of android
08-18 01:37:29.361  3238  3870 E AppOps  : attributionTag ArcBrightness not declared in manifest of android
08-18 01:37:29.363  3238  3870 E AppOps  : attributionTag ArcBrightness not declared in manifest of android
08-18 01:37:29.369  3238  3588 E AppOps  : attributionTag OplusLBS not declared in manifest of android
08-18 01:37:29.902  3238  3889 D VRR [OPlusGameStatusManager]: handleMessage: 7004
08-18 01:37:29.902  3238  3889 D VRR [OPlusGameStatusManager]: handleBrightnessDone
08-18 01:37:30.582  3238  3870 D OplusFeatureHDREnhanceBrightness: checkIsPlayingHDR isPlayingHDR=0 rotation=0 whiteApp=false battery=100
08-18 01:37:31.818  3238  3819 I PowerGroup: Napping power group (groupId=0, uid=1000)...
08-18 01:37:31.819  3238  3819 I PowerManagerService: Nap time (uid 1000)...
08-18 01:37:31.833  3238  3819 D OplusFeatureAOD: notifySfUnBlockScreenOn
08-18 01:37:31.833  3238  3819 I PowerManagerService: handleSandman: TIMEOUT dozePowerGroupLocked
08-18 01:37:31.835  3238  3819 D OplusPowerManagerHelper: goToSleepNoUpdateLocked  needIntercepet: false
08-18 01:37:31.837  3238  3819 I PowerGroup: Powering off display group due to timeout (groupId= 0, uid= 1000, millisSinceLastUserActivity=30019, lastUserActivityEvent=touch)...
08-18 01:37:31.838  3238  3819 I PowerManagerService: Going to sleep due to timeout (uid 1000, screenOffTimeout=30000, activityTimeoutWM=-1, maxDimRatio=0.20000005, maxDimDur=7000)...
08-18 01:37:31.842  3238  3594 W WindowManager: captureTaskSnapshot mSnapshotMode= 0 source=Task{8189b3f #3133 type=standard A=10134:com.coloros.phonemanager}
08-18 01:37:31.843  3238  3594 D TaskSnapshotControllerExtImpl: createTaskSnapshot isCompatMode:false, isCompactWindow:false
08-18 01:37:31.843  3238  3594 W AbsAppSnapshotControllerExtImpl: updateExcludeLayers, addExcludeLayerList is null or empty, return excludeLayers
08-18 01:37:31.853  3238  3819 D DisplayPowerController[0]: requestPowerState: policy=OFF, useProximitySensor=false, screenBrightnessOverride=-1.0, useAutoBrightness=false, screenAutoBrightnessAdjustmentOverride=NaN, screenLowPowerBrightnessFactor=1.0, blockScreenOn=false, lowPowerMode=false, boostScreenBrightness=false, dozeScreenBrightness=NaN, dozeScreenState=UNKNOWN, dozeScreenStateReason=DEFAULT_POLICY, waitForNegativeProximity=false displayReady=false pendingRequest=true
08-18 01:37:31.853  3238  3819 D DisplayManagerServiceExtImpl: request size(1,1),dpc=com.android.server.display.DisplayPowerController@bba5c75 size(0,1),flags=0X200F,id(0,0,local:4630946694713414275),enable=true,ready=false,waitForNegativeProximity=false policy=OFF,useProximitySensor=false,dozeState=UNKNOWN,screenBrightnessOverride=-1.000000,useAuto=false,lowPower=false,lowPowerFactor=1.000000
08-18 01:37:31.853  3238  3889 D VRR [OPlusRefreshRateService]: handleScreenStateChangeWarning state : 1
08-18 01:37:31.854  3238  3889 D VRR [OPlusGameStatusManager]: screenStateChangeWarning state: 1
08-18 01:37:31.854  3238  3889 D VRR [OPlusGameStatusManager]: notifySceneChange scene: 1
08-18 01:37:31.854  3238  3889 D DisplayManagerServiceExtImpl: scheduleTraversalLocked intraversal=false
