08-18 01:37:04.818  6298  6433 W ContextImpl: Calling a method in the system process without a qualified user: android.app.ContextImpl.sendBroadcast:1261 android.content.ContextWrapper.sendBroadcast:516 com.heytap.msp.v2.base.MspBaseApplication.lambda$sendSubProcessStartBroadCast$1:4 com.heytap.msp.v2.base.MspBaseApplication.b:0 com.heytap.msp.v2.base.a.run:4 
08-18 01:37:04.821  6362  6362 I Quality : GetResourcesInfo:97159531,/data/app/~~EmNMgWUnv9HL6pL5ObmkzA==/com.piriform.ccleaner-RDyti9JbS_FITQ-YEBHBpQ==/base.apk
08-18 01:37:04.878  6377  6377 I Quality : ActivityThread: createOrUpdateClassLoaderLocked delay 345 com.yandex.searchapp 6377
08-18 01:37:04.890  6362  6362 D ResourcesManagerExtImpl: applyConfigurationToAppResourcesLocked app.getDisplayId() return callback.displayId:-1
08-18 01:37:04.940  6377  6377 D ResourcesManagerExtImpl: applyConfigurationToAppResourcesLocked app.getDisplayId() return callback.displayId:-1
08-18 01:37:04.953  3238  5185 W PackageConfigPersister: App-specific configuration not found for packageName: com.piriform.ccleaner and userId: 0
08-18 01:37:04.994  3238  5185 D CompatChangeReporter: Compat change id reported: 161145287; UID 10159; state: ENABLED
08-18 01:37:05.049  3238  3501 I ActivityManager: Flag disabled. Ignoring finishAttachApplication from uid: 10314. pid: 6323
08-18 01:37:05.076  3238  5185 I ActivityManager: Killing 32760:com.oplus.uxdesign/u0a246 (adj 955): empty #25
08-18 01:37:05.079  3238  3777 D CompatChangeReporter: Compat change id reported: 151861875; UID 10378; state: ENABLED
08-18 01:37:05.095  3238  3760 I ActivityManager: Start proc 6483:ru.zen.android/u0a378 for broadcast {ru.zen.android/com.vk.push.pushsdk.broadcast.FullyPackageRemovedReceiver}
08-18 01:37:05.098  3238  4032 I ActivityManager: Death received, pid = 32760, processName = com.oplus.uxdesign for thread android.os.BinderProxy@82eb723
08-18 01:37:05.101  3238  3589 D DisplayManagerService: Drop pending events for gone uid 10246
08-18 01:37:05.120  6295  6295 I Quality : ActivityThread: callApplicationOnCreate delay 304 com.google.android.projection.gearhead:car 6295
08-18 01:37:05.129  3238  4777 D ActivityTaskManagerServiceExtImpl: preBindApplication record is null
08-18 01:37:05.130  3238  3501 I ActivityManager: Flag disabled. Ignoring finishAttachApplication from uid: 10101. pid: 6295
08-18 01:37:05.144  3238  5074 D CompatChangeReporter: Compat change id reported: 261072174; UID 10159; state: ENABLED
08-18 01:37:05.152  3238  5358 I ActivityManager: Killing 2791:com.google.android.packageinstaller/u0a252 (adj 955): empty #25
08-18 01:37:05.171  3238  5074 I ActivityManager: Death received, pid = 2791, processName = com.google.android.packageinstaller for thread android.os.BinderProxy@4302f26
08-18 01:37:05.175  3238  3589 D DisplayManagerService: Drop pending events for gone uid 10252
08-18 01:37:05.186  3238  4777 W PackageManager: package com.google.android.apps.maps uid 10169 pid 6059 call SetEnabledSetting(com.google.android.apps.maps component = com.google.android.apps.gmm.widget.SearchWidgetProvider, 2, 0)
08-18 01:37:05.192  3238  5358 W PackageManager: package com.google.android.apps.maps uid 10169 pid 6059 call SetEnabledSetting(com.google.android.apps.maps component = com.google.android.apps.gmm.widget.traffic.TrafficWidgetProvider, 2, 0)
08-18 01:37:05.267  3238  5358 D LockSettingsService: [getStrongAuthForUser]  userId = 0
08-18 01:37:05.470  3238  3870 D Arc[OplusBrightnessSceneAdapter]: Arc scene change!!! StableScene -> NormalScene [erraticScore:-1, stableScore:7] isLuxRefresh:true
08-18 01:37:05.470  3238  3870 D Arc[OplusBrightnessAmbientAdapter[StabilityProcess]]: updateRangeStrategy: reason[SceneChange ] baseLux:6.625, scene:NormalScene large{1.65625, 16.5625} largeForAux{1.65625, 16.5625} small{4.7617188, 8.488281} hbm{0.0, 30000.0}
08-18 01:37:05.528  3238  3870 D OplusFeatureHDREnhanceBrightness: checkIsPlayingHDR isPlayingHDR=0 rotation=0 whiteApp=false battery=100
08-18 01:37:05.545  6483  6483 D ResourcesManagerExtImpl: applyConfigurationToAppResourcesLocked app.getDisplayId() return callback.displayId:-1
08-18 01:37:05.563  3238  3760 I ActivityManager: Start proc 6574:com.yandex.searchapp:AppMetrica/u0a320 for service {com.yandex.searchapp/io.appmetrica.analytics.internal.AppMetricaService}
08-18 01:37:05.585  3238  3501 W PackageManager: package com.yandex.searchapp uid 10320 pid 6377 call SetEnabledSetting(com.yandex.searchapp component = com.yandex.browser.autofill.service.ExternalAutofillService, 1, 0)
08-18 01:37:05.590  3238  3501 D ActivityTaskManagerServiceExtImpl: preBindApplication record is null
08-18 01:37:05.614  3238  5358 W PackageManager: package com.yandex.searchapp uid 10320 pid 6377 call SetEnabledSetting(com.yandex.searchapp component = com.yandex.voicereader.service.VoiceReaderService, 1, 0)
08-18 01:37:05.618  3238  5358 W PackageManager: package com.yandex.searchapp uid 10320 pid 6377 call SetEnabledSetting(com.yandex.searchapp component = com.yandex.voicereader.service.VoiceReaderMediaButtonReceiver, 1, 0)
08-18 01:37:05.667  3238  4777 W PackageManager: package com.yandex.searchapp uid 10320 pid 6377 call SetEnabledSetting(com.yandex.searchapp component = ru.yandex.aon.library.search.presentation.overlay.OverlayService, 2, 0)
08-18 01:37:05.669  3238  4777 W PackageManager: package com.yandex.searchapp uid 10320 pid 6377 call SetEnabledSetting(com.yandex.searchapp component = ru.yandex.aon.library.search.presentation.receivers.CallReceiver, 2, 0)
08-18 01:37:05.673  3238  4777 W PackageManager: package com.yandex.searchapp uid 10320 pid 6377 call SetEnabledSetting(com.yandex.searchapp component = ru.yandex.searchplugin.whocalls.calls.WhoCallsEnabled, 2, 0)
08-18 01:37:05.678  3238  3870 D Arc[OplusBrightnessSceneAdapter]: Arc scene change!!! NormalScene -> StableScene [erraticScore:-1, stableScore:10] isLuxRefresh:true
08-18 01:37:05.678  3238  3870 D Arc[OplusBrightnessAmbientAdapter[StabilityProcess]]: updateRangeStrategy: reason[SceneChange ] baseLux:6.625, scene:StableScene large{2.4015625, 15.071875} largeForAux{2.4015625, 15.071875} small{5.041211, 8.208789} hbm{0.0, 30000.0}
08-18 01:37:05.699  3238  4777 W PackageManager: package com.yandex.searchapp uid 10320 pid 6377 call SetEnabledSetting(com.yandex.searchapp component = ru.yandex.aon.library.search.presentation.callscreening.CallScreeningServiceImpl, 1, 0)
08-18 01:37:05.740  3238  4777 W PackageManager: package com.yandex.searchapp uid 10320 pid 6377 call SetEnabledSetting(com.yandex.searchapp component = com.yandex.browser.InstallReceiver, 0, 0)
08-18 01:37:05.748  3238  5074 I ActivityManager: Flag disabled. Ignoring finishAttachApplication from uid: 10320. pid: 6377
08-18 01:37:05.779  3238  5074 D VRR [OPlusExternalRefreshRateManager]: isPkgTfcEnable: pkgName = com.yandex.searchapp, enable = false
08-18 01:37:05.779  3238  5074 D VRR [OPlusExternalRefreshRateManager]: getTfcMinFramerate: pkgName = com.yandex.searchapp, min framerate = 0
08-18 01:37:05.805  3238  3760 I ActivityManager: Start proc 6609:com.android.providers.downloads/u0a70 for broadcast {com.android.providers.downloads/com.android.providers.downloads.DownloadReceiver}
08-18 01:37:05.815  3238  5358 D CompatChangeReporter: Compat change id reported: 151861875; UID 10257; state: ENABLED
08-18 01:37:05.826  3238  5074 D ActivityTaskManagerServiceExtImpl: preBindApplication record is null
08-18 01:37:05.832  3238  3760 I ActivityManager: Start proc 6622:com.facebook.system/u0a257 for content provider {com.facebook.system/com.facebook.oxygen.installer.api.AppManagerApiProvider}
08-18 01:37:05.854  6323  6477 E OplusCustomizeRestrictionManager: sInstance is null, start a new sInstance
08-18 01:37:05.860  3238  5074 D ActivityTaskManagerServiceExtImpl: preBindApplication record is null
08-18 01:37:05.865 16025 16025 I Quality : SlowSqliteOp:close,/data/user/0/com.android.providers.contacts/databases/contacts2.db,false,false,61
08-18 01:37:05.873  3238  5074 W PackageManager: package com.yandex.searchapp uid 10320 pid 6377 call SetEnabledSetting(com.yandex.searchapp component = com.yandex.browser.standalonecloud.enter.StandaloneCloudInteractionService, 1, 0)
08-18 01:37:05.882  3238  5358 W PackageManager: package com.yandex.searchapp uid 10320 pid 6377 call SetEnabledSetting(com.yandex.searchapp component = com.yandex.browser.standalonecloud.StandaloneCloudInteractionSessionService, 1, 0)
08-18 01:37:05.889  3238  3870 D Arc[OplusBrightnessSceneAdapter]: Arc scene change!!! StableScene -> NormalScene [erraticScore:-1, stableScore:7] isLuxRefresh:true
08-18 01:37:05.889  3238  3870 D Arc[OplusBrightnessAmbientAdapter[StabilityProcess]]: updateRangeStrategy: reason[SceneChange ] baseLux:6.625, scene:NormalScene large{1.65625, 16.5625} largeForAux{1.65625, 16.5625} small{4.7617188, 8.488281} hbm{0.0, 30000.0}
08-18 01:37:05.894  3238  5074 W PackageManager: package com.yandex.searchapp uid 10320 pid 6377 call SetEnabledSetting(com.yandex.searchapp component = ru.yandex.searchplugin.browser.BrowserProxyActivity, 1, 0)
08-18 01:37:05.907  3238  5358 W PackageManager: package com.yandex.searchapp uid 10320 pid 6377 call SetEnabledSetting(com.yandex.searchapp component = ru.yandex.searchplugin.browser.CleverYandexSitesInterceptorActivity, 2, 0)
08-18 01:37:05.908  3238  5185 W PackageManager: package com.yandex.searchapp uid 10320 pid 6377 call SetEnabledSetting(com.yandex.searchapp component = ru.yandex.searchplugin.browser.YandexRootSitesInterceptorActivity, 2, 0)
08-18 01:37:05.910  3238  5074 W PackageManager: package com.yandex.searchapp uid 10320 pid 6377 call SetEnabledSetting(com.yandex.searchapp component = ru.yandex.searchplugin.browser.YaSitesInterceptorActivity, 2, 0)
08-18 01:37:05.941  6574  6574 D ResourcesManagerExtImpl: applyConfigurationToAppResourcesLocked app.getDisplayId() return callback.displayId:-1
08-18 01:37:05.977  3238  5074 I ActivityManager: Flag disabled. Ignoring finishAttachApplication from uid: 10320. pid: 6574
08-18 01:37:06.009  6609  6609 E OplusCustomizePackageManager: mIOplusCustomizePackageManagerService is null
08-18 01:37:06.012  6609  6609 E OplusCustomizePackageManager: mIOplusCustomizePackageManagerService is null
08-18 01:37:06.018  6609  6609 E OplusCustomizePackageManager: isOplusCertificatePackage Errorjava.lang.NullPointerException: Attempt to invoke interface method 'boolean android.os.customize.IOplusCustomizePackageManagerService.isOplusCertificatePackage(java.lang.String)' on a null object reference
08-18 01:37:06.035  3238  5185 I ActivityManager: Killing 4221:com.coloros.weather2/u0a195 (adj 945): empty #25
08-18 01:37:06.071  6622  6622 D ResourcesManagerExtImpl: applyConfigurationToAppResourcesLocked app.getDisplayId() return callback.displayId:-1
08-18 01:37:06.078  3238  3760 W ActivityManager: Slow operation: 53ms so far, now at startProcess: done updating battery stats
08-18 01:37:06.079  3238  3760 W ActivityManager: Slow operation: 54ms so far, now at startProcess: building log message
08-18 01:37:06.079  3238  3760 I ActivityManager: Start proc 6647:com.yandex.searchapp:passport/u0a320 for content provider {com.yandex.searchapp/com.yandex.passport.internal.provider.InternalProvider}
08-18 01:37:06.079  3238  3760 W ActivityManager: Slow operation: 54ms so far, now at startProcess: starting to update pids map
08-18 01:37:06.079  3238  3760 W ActivityManager: Slow operation: 54ms so far, now at startProcess: done updating pids map
08-18 01:37:06.081  3238  3501 D ActivityTaskManagerServiceExtImpl: preBindApplication record is null
08-18 01:37:06.086  3238  3501 I ActivityManager: Killing 3972:com.coloros.weather.service/u0a194 (adj 945): empty #25
08-18 01:37:06.099  3238  3870 D Arc[OplusBrightnessSceneAdapter]: Arc scene change!!! NormalScene -> StableScene [erraticScore:-1, stableScore:10] isLuxRefresh:true
08-18 01:37:06.099  3238  3870 D Arc[OplusBrightnessAmbientAdapter[StabilityProcess]]: updateRangeStrategy: reason[SceneChange ] baseLux:6.625, scene:StableScene large{2.4015625, 15.071875} largeForAux{2.4015625, 15.071875} small{5.041211, 8.208789} hbm{0.0, 30000.0}
08-18 01:37:06.111  3238  3594 I DisplayDeviceRepository: Display device changed render timings: " ", renderFrameRate=60.000004, presentationDeadlineNanos=16666666, appVsyncOffsetNanos=1000000
08-18 01:37:06.111  3238  3594 D LogicalDisplayExt: set displayInfo flag FLAG_ROTATES_WITH_CONTENT
08-18 01:37:06.111  3238  3594 D DisplayManagerServiceExtImpl: scheduleTraversalLocked intraversal=false
08-18 01:37:06.112  3238  3594 I DisplayManagerServiceExtImpl: handle logical display changed logicalDisplay=id=0,stack=0,content=true,displayInfo{stack=0,type=1,id=0,uId=local:4630946694713414275,state=ON,pkg=null}
08-18 01:37:06.112  3238  3594 D DisplayManagerService: Delivering display event: displayId=0, event=CHANGED
08-18 01:37:06.112  3238  3819 D BrightnessThermalClamper: Thermal status observer already started
08-18 01:37:06.112  3238  3819 D BrightnessPowerClamper: Power throttling data is missing for configuration data.
08-18 01:37:06.113  3238  3589 D OplusVFXScreenEffectFeature: notifySFCompatWindowStateChange entered false
08-18 01:37:06.114  3238  3589 D FSS_FoldScreenBlackCoverController: displayChangeToOn, dc:Display{#0 state=ON size=1264x2780 ROTATION_0}
08-18 01:37:06.114  3238  3594 D DisplayManagerService: MSG_REQUEST_TRAVERSAL pendingCompleted=false
08-18 01:37:06.114  3238  3589 D DisplayManagerService: performTraversalInternal pendingTraversal
08-18 01:37:06.114  3238  3589 D DisplayDevice: setLayerStackLocked id=local:4630946694713414275 token=android.os.BinderProxy@4d74dd6 stack=0->0
08-18 01:37:06.119  4432  4432 D CastManagerService: onDisplayChanged.
08-18 01:37:06.124  3238  4777 I ActivityManager: Death received, pid = 4221, processName = com.coloros.weather2 for thread android.os.BinderProxy@a81dfd7
08-18 01:37:06.127  3238  3589 D DisplayManagerService: Drop pending events for gone uid 10195
08-18 01:37:06.138  3238  5538 I ActivityManager: Death received, pid = 3972, processName = com.coloros.weather.service for thread android.os.BinderProxy@1344ee2
08-18 01:37:06.140  3238  3589 D DisplayManagerService: Drop pending events for gone uid 10194
08-18 01:37:06.141  6609  6609 D ResourcesManagerExtImpl: applyConfigurationToAppResourcesLocked app.getDisplayId() return callback.displayId:-1
08-18 01:37:06.161  3238  3889 D VRR [OPlusRefreshRateService]: handleConfigIdChange physicalDisplayId: 4630946694713414275 configId: 1 renderPeriod: 16666666
08-18 01:37:06.162  3238  3889 D VRR [OPlusSAManager]: updateModeChange old modeId [ 2 ] -> new modeId [ 1 ] mCurPolicy: 1
08-18 01:37:06.162  3238  3889 D VRR [OPlusSAManager]: updateSAScene active modeId: 1
08-18 01:37:06.162  3238  3889 D VRR [OPlusSAManager]: updateSAScene current policy: 1 active modeId: 1 scene: VRR_60
08-18 01:37:06.162  3238  3889 D VRR [OPlusOAManager]: Not OA business! new modeId: [1] active modeId: [2]
08-18 01:37:06.162  3238  3889 D VRR [OPlusGameStatusManager]: updateGameState mOSyncFeatureSwitch: false mIsGamePolicy: false
08-18 01:37:06.162  3238  3889 D VRR [OPlusGameStatusManager]: setLTMStatus false curPkgName: com.coloros.phonemanager curr status: false HeartStop: false HeartStopFromTGPA: false ActiveFPS: 60.000004
08-18 01:37:06.162  3238  3889 D VRR [OPlusGameStatusManager]: updateGameAccelerationStatus pkgName: com.coloros.phonemanager mOSyncFeatureSwitch: false mIsGamePolicy: false mHeartStop: false mHasFlickerRisk: false mForceAcceleration: false mToastReady: false enable: false
08-18 01:37:06.162  3238  3889 D VRR [OPlusGameStatusManager]: updateToastStatus enableAcceleration: false toastReady: false isGamePolicy: false desiredModeId: 1
08-18 01:37:06.162  3238  3889 D VRR [OPlusGameStatusManager]: updateToastStatus enableAcceleration: false toastReady: false isGamePolicy: false desiredModeId: 1
08-18 01:37:06.191  3238  5538 I ActivityManager: Flag disabled. Ignoring finishAttachApplication from uid: 10257. pid: 6622
08-18 01:37:06.196  3238  5254 D CompatChangeReporter: Compat change id reported: 297989574; UID 10378; state: ENABLED
08-18 01:37:06.212  3238  3889 D VRR [OPlusSAManager]: setSAConfig scene: VRR_60 modeId: 1 auto: false fakeFrame: false
08-18 01:37:06.212  3238  3889 D VRR [OPlusSAManager]: updateAutoMinfps with nits: 599.69885, mHistOK true, mAmbientOK false, mCctOK true, mIrOK true, mBrightnessOK true, isPkgOK true, SA min fps: 1
08-18 01:37:06.212  3238  3889 D VRR [OPlusSurfaceFlingerController]: setAutoMode enable: false fakeFrame: false fps: 1
08-18 01:37:06.244  3238  5185 I ActivityManager: Flag disabled. Ignoring finishAttachApplication from uid: 10070. pid: 6609
08-18 01:37:06.316  3238  3760 I ActivityManager: Start proc 6702:com.oplus.trafficmonitor:network_control/1000 for broadcast {com.oplus.trafficmonitor/com.oplus.trafficmonitor.view.networkcontrol.dialog.NetworkNotAllowedReceiver}
08-18 01:37:06.353  3238  5254 D ActivityTaskManagerServiceExtImpl: preBindApplication record is null
08-18 01:37:06.404  3238  5538 W PackageManager: package com.yandex.searchapp uid 10320 pid 6377 call SetEnabledSetting(com.yandex.searchapp component = com.yandex.android.websearch.BatteryWatcher$BatteryBroadcastReceiver, 2, 0)
08-18 01:37:06.414  3238  3870 D Arc[OplusBrightnessSceneAdapter]: Arc scene change!!! StableScene -> NormalScene [erraticScore:-1, stableScore:7] isLuxRefresh:true
08-18 01:37:06.414  3238  3870 D Arc[OplusBrightnessAmbientAdapter[StabilityProcess]]: updateRangeStrategy: reason[SceneChange ] baseLux:6.625, scene:NormalScene large{1.65625, 16.5625} largeForAux{1.65625, 16.5625} small{4.7617188, 8.488281} hbm{0.0, 30000.0}
08-18 01:37:06.520  6647  6647 D ResourcesManagerExtImpl: applyConfigurationToAppResourcesLocked app.getDisplayId() return callback.displayId:-1
08-18 01:37:06.561  3238  5358 W PackageManager: package com.yandex.searchapp uid 10320 pid 6377 call SetEnabledSetting(com.yandex.searchapp component = ru.yandex.searchplugin.bixby.SearchCardContentProvider, 2, 0)
08-18 01:37:06.697  3238  3870 D OplusDisplayBrightnessBroadcastReceiver: onReceive action = android.intent.action.BATTERY_CHANGED , listeners = [com.android.server.display.OplusFeatureHDREnhanceBrightness$PhoneInfoReceiver@51833a6, com.android.server.display.OplusFeatureEdrEnhanceBrightness$PhoneInfoReceiver@36ec1e7]
08-18 01:37:06.713  3238  3889 D VRR [OPlusSAManager]: updateAutoMinfps with nits: 599.69885, mHistOK true, mAmbientOK false, mCctOK true, mIrOK true, mBrightnessOK true, isPkgOK true, SA min fps: 1
08-18 01:37:06.713  3238  3889 D VRR [OPlusSurfaceFlingerController]: setAutoMode enable: false fakeFrame: false fps: 1
08-18 01:37:06.713  4494  5197 V OplusCustomizeCacheManager: queryCache name: sys.cache.common_customize_cache18014 param: null
08-18 01:37:06.713  4494  5197 V OplusCustomizeCacheManager: queryCache name: sys.cache.common_customize_cache18017 param: Bundle[{SETTING=BLOCK, BUSINESS=NCT-DATA}]
08-18 01:37:06.713  4494  5197 V OplusCustomizeCacheManager: start recompute
08-18 01:37:06.714  4494  5197 V OplusCustomizeCacheManager: queryCache name: sys.cache.common_customize_cache18013 param: null
08-18 01:37:06.715  4494  5197 V OplusCustomizeCacheManager: queryCache name: sys.cache.common_customize_cache18014 param: null
08-18 01:37:06.715  4494  5197 V OplusCustomizeCacheManager: queryCache name: sys.cache.common_customize_cache18017 param: Bundle[{SETTING=BLOCK, BUSINESS=NCT-DATA}]
08-18 01:37:06.715  4494  5197 V OplusCustomizeCacheManager: start recompute
08-18 01:37:06.716  4494  5197 V OplusCustomizeCacheManager: queryCache name: sys.cache.common_customize_cache18013 param: null
08-18 01:37:06.717  4494  5197 V OplusCustomizeCacheManager: queryCache name: sys.cache.common_customize_cache18014 param: null
08-18 01:37:06.717  4494  5197 V OplusCustomizeCacheManager: queryCache name: sys.cache.common_customize_cache18017 param: Bundle[{SETTING=BLOCK, BUSINESS=NCT-DATA}]
08-18 01:37:06.717  4494  5197 V OplusCustomizeCacheManager: start recompute
08-18 01:37:06.717  4494  5197 V OplusCustomizeCacheManager: queryCache name: sys.cache.common_customize_cache18013 param: null
08-18 01:37:06.719  4494  5197 V OplusCustomizeCacheManager: queryCache name: sys.cache.common_customize_cache18014 param: null
08-18 01:37:06.719  4494  5197 V OplusCustomizeCacheManager: queryCache name: sys.cache.common_customize_cache18017 param: Bundle[{SETTING=BLOCK, BUSINESS=NCT-DATA}]
08-18 01:37:06.719  4494  5197 V OplusCustomizeCacheManager: start recompute
08-18 01:37:06.719  4494  5197 V OplusCustomizeCacheManager: queryCache name: sys.cache.common_customize_cache18013 param: null
08-18 01:37:06.721  4494  5197 V OplusCustomizeCacheManager: queryCache name: sys.cache.common_customize_cache18014 param: null
08-18 01:37:06.721  4494  5197 V OplusCustomizeCacheManager: queryCache name: sys.cache.common_customize_cache18017 param: Bundle[{SETTING=BLOCK, BUSINESS=NCT-DATA}]
08-18 01:37:06.721  4494  5197 V OplusCustomizeCacheManager: start recompute
08-18 01:37:06.721  4494  5197 V OplusCustomizeCacheManager: queryCache name: sys.cache.common_customize_cache18013 param: null
08-18 01:37:06.810  6702  6702 I Quality : GetResourcesInfo:186499844,/system_ext/priv-app/TrafficMonitor/TrafficMonitor.apk
08-18 01:37:06.851  3238  5538 W PackageManager: package ru.zen.android uid 10378 pid 6483 call SetEnabledSetting(ru.zen.android component = com.vk.push.authsdk.ipc.AuthService, 1, 0)
08-18 01:37:06.878  3238  5538 W PackageManager: package ru.zen.android uid 10378 pid 6483 call SetEnabledSetting(ru.zen.android component = com.vk.push.pushsdk.ipc.PushService, 1, 0)
08-18 01:37:06.885  6483  6483 I Quality : ActivityThread: callApplicationOnCreate delay 748 ru.zen.android 6483
08-18 01:37:06.889  3238  5185 W PackageManager: package ru.zen.android uid 10378 pid 6483 call SetEnabledSetting(ru.zen.android component = com.vk.push.pushsdk.masterhost.MasterSelectionService, 1, 0)
08-18 01:37:06.909  3238  5111 I ActivityManager: Flag disabled. Ignoring finishAttachApplication from uid: 10378. pid: 6483
08-18 01:37:06.911  3238  5185 W PackageManager: package ru.zen.android uid 10378 pid 6483 call SetEnabledSetting(ru.zen.android component = androidx.work.impl.background.systemjob.SystemJobService, 1, 0)
08-18 01:37:06.972  3238  5185 W PackageManager: package com.facebook.appmanager uid 10270 pid 6025 call SetEnabledSetting(com.facebook.appmanager component = com.facebook.oxygen.appmanager.nekodirect.NekoDirectProvider, 2, 0)
08-18 01:37:07.011  6025  6446 E ActivityThread: Failed to find provider info for com.facebook.appmanager.nekodirect
08-18 01:37:07.020  3238  5538 W PackageManager: package com.facebook.appmanager uid 10270 pid 6025 call SetEnabledSetting(com.facebook.appmanager component = com.facebook.oxygen.appmanager.installapi.OxInstallApiProvider, 1, 0)
08-18 01:37:07.031  3238  5538 D CompatChangeReporter: Compat change id reported: 151861875; UID 10378; state: ENABLED
08-18 01:37:07.036  3238  5538 D VRR [OPlusExternalRefreshRateManager]: isPkgTfcEnable: pkgName = ru.zen.android, enable = false
08-18 01:37:07.036  3238  5538 D VRR [OPlusExternalRefreshRateManager]: getTfcMinFramerate: pkgName = ru.zen.android, min framerate = 0
08-18 01:37:07.047  3238  3760 I ActivityManager: Start proc 6837:ru.zen.android:Metrica/u0a378 for service {ru.zen.android/com.yandex.metrica.MetricaService}
08-18 01:37:07.076  3238  5185 D ActivityTaskManagerServiceExtImpl: preBindApplication record is null
08-18 01:37:07.152  6647  6647 I Quality : ActivityThread: callApplicationOnCreate delay 357 com.yandex.searchapp:passport 6647
08-18 01:37:07.176  3238  5185 D CompatChangeReporter: Compat change id reported: 311208629; UID 10070; state: ENABLED
08-18 01:37:07.184  3238  5185 I ActivityManager: Killing 3318:ru.litres.android/u0a321 (adj 935): empty #25
08-18 01:37:07.209  3238  5538 I ActivityManager: Flag disabled. Ignoring finishAttachApplication from uid: 10320. pid: 6647
08-18 01:37:07.231  3238  5502 I ActivityManager: Death received, pid = 3318, processName = ru.litres.android for thread android.os.BinderProxy@771aad7
08-18 01:37:07.235  3238  3589 D DisplayManagerService: Drop pending events for gone uid 10321
08-18 01:37:07.236  3238  4569 D CompatChangeReporter: Compat change id reported: 271850009; UID 10159; state: ENABLED
08-18 01:37:07.237  3238  4569 D CompatChangeReporter: Compat change id reported: 253665015; UID 10159; state: ENABLED
08-18 01:37:07.294  3238  5111 D OplusBatteryServiceFeature: setSmartCoolDown: coolDown = 7, normalCoolDown = 7, pkgName = com.coloros.phonemanager
08-18 01:37:07.295  3238  4569 D VRR [OPlusRefreshRateService]:  setFrameRateTargetControl [ 0.0 , com.coloros.phonemanager , false , com.oplus.battery ]
08-18 01:37:07.295  3238  4569 D VRR [OPlusExternalRefreshRateManager]:  [FRTC] FrameRate : 0 com.coloros.phonemanager false com.oplus.battery 0 1000
08-18 01:37:07.315  3238  4569 D ShortcutService: rescanPackageIfNeeded 0@com.piriform.ccleaner, forceRescan=false , isNewApp=false
08-18 01:37:07.317  3238  4569 D ShortcutService: rescanPackageIfNeeded 0@com.piriform.ccleaner, forceRescan=false , isNewApp=false
08-18 01:37:07.332  6362  6362 I Quality : ActivityThread: callApplicationOnCreate delay 1829 com.piriform.ccleaner 6362
08-18 01:37:07.359  3238  5111 W PackageManager: package ru.zen.android uid 10378 pid 6483 call SetEnabledSetting(ru.zen.android component = androidx.work.impl.background.systemalarm.RescheduleReceiver, 1, 0)
08-18 01:37:07.361  3238  5111 I ActivityManager: Flag disabled. Ignoring finishAttachApplication from uid: 10159. pid: 6362
08-18 01:37:07.371  3238  5111 D CompatChangeReporter: Compat change id reported: 311402873; UID 10378; state: ENABLED
08-18 01:37:07.371  3238  5111 D CompatChangeReporter: Compat change id reported: 323349338; UID 10378; state: ENABLED
08-18 01:37:07.374  3238  5254 D StorageStatsService: getFreeBytes: 164083716096
08-18 01:37:07.404  6837  6837 D ResourcesManagerExtImpl: applyConfigurationToAppResourcesLocked app.getDisplayId() return callback.displayId:-1
08-18 01:37:07.454  3238  5111 I ActivityManager: Flag disabled. Ignoring finishAttachApplication from uid: 1000. pid: 6702
08-18 01:37:07.536  3238  5502 V ActivityManager: Has totaly same connectionRecord, just reuse it!
08-18 01:37:07.565  3238  5254 I ActivityManager: Flag disabled. Ignoring finishAttachApplication from uid: 10378. pid: 6837
08-18 01:37:07.575  3238  4569 I ActivityManager: Killing 2901:com.coloros.securepay/u0a199 (adj 935): empty #25
08-18 01:37:07.599  3238  5111 I ActivityManager: Death received, pid = 2901, processName = com.coloros.securepay for thread android.os.BinderProxy@4578888
08-18 01:37:07.602  3238  3589 D DisplayManagerService: Drop pending events for gone uid 10199
08-18 01:37:07.622  6483  6601 D OplusInputMethodUtil: init sDebug to false, init sDebugIme to false, init sAlwaysOn to false
08-18 01:37:07.623  6483  6601 D OplusInputMethodUtil: updateDebugToClass InputMethodManager.DEBUG = false
08-18 01:37:07.628  6483  6601 D OplusInputMethodUtil: updateDebugToClass ImeFocusController.DEBUG = false
08-18 01:37:07.629  6483  6601 D OplusInputMethodUtil: updateDebugToClass InsetsController.DEBUG = false
08-18 01:37:07.632  6483  6601 D OplusInputMethodUtil: updateDebugToClass BaseInputConnection.DEBUG = false
08-18 01:37:07.634  3238  5254 I ActivityManager: Death received, pid = 6702, processName = com.oplus.trafficmonitor:network_control for thread android.os.BinderProxy@20a534
08-18 01:37:07.634  3238  4585 I ActivityManager: Process com.oplus.trafficmonitor:network_control (pid 6702) has died: cch+5 CEM 
08-18 01:37:07.687  3238  5254 D VRR [OPlusExternalRefreshRateManager]: isPkgTfcEnable: pkgName = com.piriform.ccleaner, enable = false
08-18 01:37:07.687  3238  5254 D VRR [OPlusExternalRefreshRateManager]: getTfcMinFramerate: pkgName = com.piriform.ccleaner, min framerate = 0
08-18 01:37:07.724  3238  5534 I ActivityManager: Killing 5342:ru.auto.ara:AppMetrica/u0a345 (adj 905): empty #25
08-18 01:37:07.771  3238  5185 I ActivityManager: Death received, pid = 5342, processName = ru.auto.ara:AppMetrica for thread android.os.BinderProxy@c3358bd
08-18 01:37:08.110  3238  5111 D CompatChangeReporter: Compat change id reported: 297989574; UID 10270; state: ENABLED
08-18 01:37:08.175  3238  4569 W PackageManager: package com.facebook.appmanager uid 10270 pid 6025 call SetEnabledSetting(com.facebook.appmanager component = com.facebook.oxygen.appmanager.webinstall.WebInstallAppLinkActivityV2, 2, 0)
08-18 01:37:08.204  3238  5534 W PackageManager: package com.facebook.appmanager uid 10270 pid 6025 call SetEnabledSetting(com.facebook.appmanager component = com.facebook.oxygen.appmanager.webinstall.WebInstallAppLinkActivityV2, 2, 0)
08-18 01:37:08.231  3238  5185 W PackageManager: package com.facebook.appmanager uid 10270 pid 6025 call SetEnabledSetting(com.facebook.appmanager component = com.facebook.oxygen.appmanager.webinstall.WebInstallAppLinkIgliteActivity, 1, 0)
08-18 01:37:08.259  3238  5534 W PackageManager: package com.facebook.appmanager uid 10270 pid 6025 call SetEnabledSetting(com.facebook.appmanager component = com.facebook.oxygen.appmanager.webinstall.WebInstallAppLinkIgliteActivity, 2, 0)
08-18 01:37:08.299  3238  5185 W PackageManager: package com.facebook.appmanager uid 10270 pid 6025 call SetEnabledSetting(com.facebook.appmanager component = com.facebook.oxygen.appmanager.webinstall.WebInstallAppLinkFbliteActivity, 1, 0)
08-18 01:37:08.307  3238  3870 D Arc[OplusSmartBrightnessController]: brightness changed!!!finalLux:3.7475, weightLux:4.0, automaticLux:3.7475, lastFinalLux:6.625, lastAutomaticLux:6.625, deviceDirection:Darkening, environmentDirection:Darkening, scene:NormalScene, accelerateScale:1.0, updateProcess:[StableForceChange], luxQueue:[4.0, 4.0, 4.0, 4.0, 4.0, 4.0], display[-1]:(6.625, 24.801147, 3482.595)->(3.7475, 17.13716, 2928.8699), drag:null
08-18 01:37:08.308  3238  3870 I OplusSmartBrightnessController: update target brightness point to : display[-1]=(6.625, 24.801147, 3482.595)->(3.7475, 17.13716, 2928.8699)
08-18 01:37:08.308  3238  3870 I OplusSmartBrightnessController: onTargetBrightnessChange brightness change to (3.7475, 17.13716, 2928.8699)
08-18 01:37:08.308  3238  3870 D Arc[OplusFeatureBrightnessBarController]: BrightnessBarController is not support.
08-18 01:37:08.312  3238  3819 I ColorAutomaticBrightnessController: updateAutoBrightness: Auto, sendUpdate = true adjustment=36688.234375,changed:15187->2928,modified:2928->2928->2928,changed=true,cameraMode=-1,ProximityNear=false
08-18 01:37:08.313  3238  3819 D OplusFeatureTemperatureLimitBrightness: not Apollo project uses the new rate , rate:20
08-18 01:37:08.337  3238  5534 W PackageManager: package com.facebook.appmanager uid 10270 pid 6025 call SetEnabledSetting(com.facebook.appmanager component = com.facebook.oxygen.appmanager.webinstall.WebInstallAppLinkFB4AActivity, 1, 0)
08-18 01:37:08.358  3238  5534 W PackageManager: package com.facebook.appmanager uid 10270 pid 6025 call SetEnabledSetting(com.facebook.appmanager component = com.facebook.oxygen.appmanager.webinstall.WebInstallAppLinkMetaAIActivity, 1, 0)
08-18 01:37:08.368  3238  5185 W PackageManager: package com.facebook.appmanager uid 10270 pid 6025 call SetEnabledSetting(com.facebook.appmanager component = com.facebook.oxygen.appmanager.webinstall.WebInstallAppLinkMetaAIActivity, 2, 0)
08-18 01:37:08.373  3238  5185 W PackageManager: package com.facebook.appmanager uid 10270 pid 6025 call SetEnabledSetting(com.facebook.appmanager component = com.facebook.oxygen.appmanager.webinstall.WebInstallAppLinkInstagramActivity, 2, 0)
08-18 01:37:08.385  3238  5185 W PackageManager: package com.facebook.appmanager uid 10270 pid 6025 call SetEnabledSetting(com.facebook.appmanager component = com.facebook.oxygen.appmanager.webinstall.WebInstallAppLinkThreadsActivity, 1, 0)
08-18 01:37:08.412  3238  5254 W PackageManager: package com.facebook.appmanager uid 10270 pid 6025 call SetEnabledSetting(com.facebook.appmanager component = com.facebook.oxygen.appmanager.webinstall.WebInstallAppLinkMessengerActivity, 1, 0)
08-18 01:37:08.423  3238  5111 W PackageManager: package com.facebook.appmanager uid 10270 pid 6025 call SetEnabledSetting(com.facebook.appmanager component = com.facebook.oxygen.appmanager.webinstall.WebInstallAppLinkIgliteLoggedOutActivity, 1, 0)
08-18 01:37:08.432  3238  5534 W PackageManager: package com.facebook.appmanager uid 10270 pid 6025 call SetEnabledSetting(com.facebook.appmanager component = com.facebook.oxygen.appmanager.webinstall.WebInstallAppLinkIgliteLoggedOutActivity, 2, 0)
08-18 01:37:08.458  3238  5534 W PackageManager: package com.facebook.appmanager uid 10270 pid 6025 call SetEnabledSetting(com.facebook.appmanager component = com.facebook.oxygen.appmanager.webinstall.WebInstallAppLinkFbliteLoggedOutActivity, 1, 0)
08-18 01:37:08.482  3238  5185 W PackageManager: package com.facebook.appmanager uid 10270 pid 6025 call SetEnabledSetting(com.facebook.appmanager component = com.facebook.oxygen.appmanager.webinstall.WebInstallAppLinkFB4ALoggedOutActivity, 1, 0)
08-18 01:37:08.488  3238  5185 W PackageManager: package com.facebook.appmanager uid 10270 pid 6025 call SetEnabledSetting(com.facebook.appmanager component = com.facebook.oxygen.appmanager.webinstall.WebInstallAppLinkMetaAILoggedOutActivity, 1, 0)
08-18 01:37:08.496  3238  5534 W PackageManager: package com.facebook.appmanager uid 10270 pid 6025 call SetEnabledSetting(com.facebook.appmanager component = com.facebook.oxygen.appmanager.webinstall.WebInstallAppLinkMetaAILoggedOutActivity, 2, 0)
08-18 01:37:08.501  3238  5185 W PackageManager: package com.facebook.appmanager uid 10270 pid 6025 call SetEnabledSetting(com.facebook.appmanager component = com.facebook.oxygen.appmanager.webinstall.WebInstallAppLinkInstagramLoggedOutActivity, 2, 0)
08-18 01:37:08.509  3238  5185 W PackageManager: package com.facebook.appmanager uid 10270 pid 6025 call SetEnabledSetting(com.facebook.appmanager component = com.facebook.oxygen.appmanager.webinstall.WebInstallAppLinkThreadsLoggedOutActivity, 1, 0)
08-18 01:37:08.514  3238  3870 D Arc[OplusBrightnessPhoneStateManager]: LuxEvent{event:MAIN_LUX lux:4.0} -> LuxEvent{event:MAIN_LUX lux:4.0}
08-18 01:37:08.514  3238  3870 D Arc[OplusBrightnessAmbientAdapter[StabilityProcess]]: updateRangeStrategy: reason[LuxChange ] baseLux:3.7475, scene:NormalScene large{0.936875, 9.36875} largeForAux{0.936875, 9.36875} small{2.6935158, 4.801484} hbm{0.0, 30000.0}
08-18 01:37:08.526  3238  5534 W PackageManager: package com.facebook.appmanager uid 10270 pid 6025 call SetEnabledSetting(com.facebook.appmanager component = com.facebook.oxygen.appmanager.webinstall.WebInstallAppLinkMessengerLoggedOutActivity, 1, 0)
08-18 01:37:08.542  3238  5111 W PackageManager: package com.facebook.appmanager uid 10270 pid 6025 call SetEnabledSetting(com.facebook.appmanager component = com.facebook.oxygen.appmanager.webinstall.WebInstallAppLinkIgliteRestrictedActivity, 2, 0)
08-18 01:37:08.544  3238  5111 W PackageManager: package com.facebook.appmanager uid 10270 pid 6025 call SetEnabledSetting(com.facebook.appmanager component = com.facebook.oxygen.appmanager.webinstall.WebInstallAppLinkFbliteRestrictedActivity, 2, 0)
08-18 01:37:08.549  3238  5254 W PackageManager: package com.facebook.appmanager uid 10270 pid 6025 call SetEnabledSetting(com.facebook.appmanager component = com.facebook.oxygen.appmanager.webinstall.WebInstallAppLinkFB4ARestrictedActivity, 2, 0)
08-18 01:37:08.557  3238  5254 W PackageManager: package com.facebook.appmanager uid 10270 pid 6025 call SetEnabledSetting(com.facebook.appmanager component = com.facebook.oxygen.appmanager.webinstall.WebInstallAppLinkMetaAIRestrictedActivity, 2, 0)
08-18 01:37:08.563  3238  5383 W PackageManager: package com.facebook.appmanager uid 10270 pid 6025 call SetEnabledSetting(com.facebook.appmanager component = com.facebook.oxygen.appmanager.webinstall.WebInstallAppLinkInstagramRestrictedActivity, 2, 0)
08-18 01:37:08.570  3238  5111 W PackageManager: package com.facebook.appmanager uid 10270 pid 6025 call SetEnabledSetting(com.facebook.appmanager component = com.facebook.oxygen.appmanager.webinstall.WebInstallAppLinkThreadsRestrictedActivity, 2, 0)
08-18 01:37:08.577  3238  5111 W PackageManager: package com.facebook.appmanager uid 10270 pid 6025 call SetEnabledSetting(com.facebook.appmanager component = com.facebook.oxygen.appmanager.webinstall.WebInstallAppLinkMessengerRestrictedActivity, 2, 0)
08-18 01:37:08.581  3238  5254 W PackageManager: package com.facebook.appmanager uid 10270 pid 6025 call SetEnabledSetting(com.facebook.appmanager component = com.facebook.oxygen.appmanager.modules.api.ModulesApiProvider, 1, 0)
08-18 01:37:08.583  3238  5111 W PackageManager: package com.facebook.appmanager uid 10270 pid 6025 call SetEnabledSetting(com.facebook.appmanager component = com.facebook.oxygen.appmanager.firstparty.tos.ShouldAcceptTos, 2, 0)
08-18 01:37:08.585  3238  5185 W PackageManager: package com.facebook.appmanager uid 10270 pid 6025 call SetEnabledSetting(com.facebook.appmanager component = com.facebook.oxygen.appmanager.firstparty.tos.ShouldShowTos, 2, 0)
08-18 01:37:08.587  3238  5111 W PackageManager: package com.facebook.appmanager uid 10270 pid 6025 call SetEnabledSetting(com.facebook.appmanager component = com.facebook.oxygen.appmanager.firstparty.tos.ShouldShowExplicitTos, 2, 0)
08-18 01:37:08.619  3238  5184 D CompatChangeReporter: Compat change id reported: 311208629; UID 10270; state: ENABLED
08-18 01:37:08.707  3238  5534 D CompatChangeReporter: Compat change id reported: 161145287; UID 1000; state: ENABLED
08-18 01:37:08.729  3238  3870 D Arc[OplusBrightnessPhoneStateManager]: LuxEvent{event:MAIN_LUX lux:4.0} -> LuxEvent{event:MAIN_LUX lux:4.0}
08-18 01:37:08.934  3238  3870 D Arc[OplusBrightnessPhoneStateManager]: LuxEvent{event:MAIN_LUX lux:4.0} -> LuxEvent{event:MAIN_LUX lux:4.0}
08-18 01:37:09.112  3238  3870 D OplusFeatureHDREnhanceBrightness: checkIsPlayingHDR isPlayingHDR=0 rotation=0 whiteApp=false battery=100
08-18 01:37:09.144  3238  3870 D Arc[OplusBrightnessPhoneStateManager]: LuxEvent{event:MAIN_LUX lux:4.0} -> LuxEvent{event:MAIN_LUX lux:4.0}
08-18 01:37:09.152  3238  5534 I ActivityManager: Killing 30427:com.android.chrome:privileged_process0/u0a162 (adj 905): empty #25
08-18 01:37:09.156  3238  5534 I ActivityManager: Killing 5981:com.oplus.safecenter/1000 (adj 905): empty #26
08-18 01:37:09.182  3238  5184 I ActivityManager: Death received, pid = 5981, processName = com.oplus.safecenter for thread android.os.BinderProxy@1c26b3b
08-18 01:37:09.187  3238  5383 I ActivityManager: Death received, pid = 30427, processName = com.android.chrome:privileged_process0 for thread android.os.BinderProxy@715d258
08-18 01:37:09.220  6133  6234 W ContextImpl: Calling a method in the system process without a qualified user: android.app.ContextImpl.bindService:2061 android.content.ContextWrapper.bindService:873 com.nearme.instant.oms.push.a.q:5 com.nearme.instant.oms.push.a.<init>:9 a.a.a.n1.<init>:1 
08-18 01:37:09.226  3238  5383 D CompatChangeReporter: Compat change id reported: 261072174; UID 1000; state: ENABLED
08-18 01:37:09.237  3238  3905 I AppsFilter: interaction: PackageSetting{a19d8d4 com.android.microdroid.empty_payload/10298} -> PackageSetting{41bc04 com.facebook.appmanager/10270} BLOCKED
08-18 01:37:09.243  3238  3905 I AppsFilter: interaction: PackageSetting{30d8d72 com.oplus.locationproxy/10185} -> PackageSetting{41bc04 com.facebook.appmanager/10270} BLOCKED
08-18 01:37:09.246  3238  3905 I AppsFilter: interaction: PackageSetting{60a25c3 com.android.certinstaller/10228} -> PackageSetting{41bc04 com.facebook.appmanager/10270} BLOCKED
08-18 01:37:09.248  3238  3905 I AppsFilter: interaction: PackageSetting{1a5ae40 com.example.my_beauty_app/10445} -> PackageSetting{41bc04 com.facebook.appmanager/10270} BLOCKED
08-18 01:37:09.251  3238  3905 I AppsFilter: interaction: PackageSetting{422e179 com.oplus.location/10235} -> PackageSetting{41bc04 com.facebook.appmanager/10270} BLOCKED
08-18 01:37:09.251  3238  3905 I AppsFilter: interaction: PackageSetting{7209470 com.example.fuelmaster/10443} -> PackageSetting{41bc04 com.facebook.appmanager/10270} BLOCKED
08-18 01:37:09.260  3238  4323 D ShortcutService: received package broadcast intent: Intent { act=android.intent.action.PACKAGE_CHANGED dat=package: flg=0x45000010 (has extras) }
08-18 01:37:09.260  3238  4323 D ShortcutService: changing package: com.facebook.appmanager userId0
08-18 01:37:09.261  3238  4323 D ShortcutService: handlePackageChanged: com.facebook.appmanager user=0
08-18 01:37:09.261  3238  4323 D ShortcutService: rescanPackageIfNeeded 0@com.facebook.appmanager, forceRescan=true , isNewApp=true
08-18 01:37:09.261  3238  4323 D ShortcutService: Package com.facebook.appmanager has 0 manifest shortcut(s), and 0 share target(s)
08-18 01:37:09.266  3238  4216 V AccessibilityManagerService: onUserStateChangedLocked for user 0 with forceUpdate: false mEnabledServices = [] mCrashedServices = []
08-18 01:37:09.266  3238  4216 W MagnificationConnectionManager: requestConnection duplicated request: connect=false, mConnectionState=DISCONNECTED
08-18 01:37:09.274  3238  4212 I VibrationEffectConvertor: onInputMethodListUpdated received, info.size = 5
08-18 01:37:09.274  3238  4212 I VibrationEffectConvertor: userid = 0, packageName = com.google.android.tts
08-18 01:37:09.274  3238  4212 I VibrationEffectConvertor: userid = 0, packageName = com.google.android.inputmethod.latin
08-18 01:37:09.274  3238  4212 I VibrationEffectConvertor: userid = 0, packageName = com.yandex.searchapp
08-18 01:37:09.274  3238  4212 I VibrationEffectConvertor: userid = 0, packageName = com.preff.kb.op
08-18 01:37:09.274  3238  4212 I VibrationEffectConvertor: userid = 0, packageName = com.oplus.securitykeyboard
08-18 01:37:09.292  3238  3698 V AutofillManagerService: onPackageModified(): com.facebook.appmanager
08-18 01:37:09.354  3238  3870 D Arc[OplusBrightnessPhoneStateManager]: LuxEvent{event:MAIN_LUX lux:4.0} -> LuxEvent{event:MAIN_LUX lux:4.0}
08-18 01:37:09.564  3238  3870 D Arc[OplusBrightnessPhoneStateManager]: LuxEvent{event:MAIN_LUX lux:5.0} -> LuxEvent{event:MAIN_LUX lux:5.0}
08-18 01:37:09.773  3238  3870 D Arc[OplusBrightnessPhoneStateManager]: LuxEvent{event:MAIN_LUX lux:5.0} -> LuxEvent{event:MAIN_LUX lux:5.0}
08-18 01:37:09.985  3238  3870 D Arc[OplusBrightnessPhoneStateManager]: LuxEvent{event:MAIN_LUX lux:5.0} -> LuxEvent{event:MAIN_LUX lux:5.0}
08-18 01:37:10.194  3238  3870 D Arc[OplusBrightnessPhoneStateManager]: LuxEvent{event:MAIN_LUX lux:4.0} -> LuxEvent{event:MAIN_LUX lux:4.0}
08-18 01:37:10.361  3238  4407 I ServiceConnector.Impl: unbindJobThread: connection = ServiceConnector@593(Intent { act=android.permission.PermissionControllerService cmp=com.google.android.permissioncontroller/com.android.permissioncontroller.permission.service.PermissionControllerServiceImpl mCallingUid=1000 }, user: 0)[Unbinding...]service = android.permission.IPermissionController$Stub$Proxy@1c5688c mBinding = false
08-18 01:37:10.413  3238  3891 W PackageSettings: writeFreezeToXml ustate isn't instance of PackageUserStateImpl
08-18 01:37:10.413  3238  3891 W PackageSettings: writeFreezeToXml ustate isn't instance of PackageUserStateImpl
08-18 01:37:10.413  3238  3891 W PackageSettings: writeFreezeToXml ustate isn't instance of PackageUserStateImpl
08-18 01:37:10.413  3238  3891 W PackageSettings: writeFreezeToXml ustate isn't instance of PackageUserStateImpl
08-18 01:37:10.413  3238  3891 W PackageSettings: writeFreezeToXml ustate isn't instance of PackageUserStateImpl
08-18 01:37:10.413  3238  3891 W PackageSettings: writeFreezeToXml ustate isn't instance of PackageUserStateImpl
08-18 01:37:10.413  3238  3891 W PackageSettings: writeFreezeToXml ustate isn't instance of PackageUserStateImpl
08-18 01:37:10.413  3238  3891 W PackageSettings: writeFreezeToXml ustate isn't instance of PackageUserStateImpl
08-18 01:37:10.414  3238  3891 W PackageSettings: writeFreezeToXml ustate isn't instance of PackageUserStateImpl
08-18 01:37:10.414  3238  3891 W PackageSettings: writeFreezeToXml ustate isn't instance of PackageUserStateImpl
08-18 01:37:10.414  3238  3891 W PackageSettings: writeFreezeToXml ustate isn't instance of PackageUserStateImpl
08-18 01:37:10.414  3238  3891 W PackageSettings: writeFreezeToXml ustate isn't instance of PackageUserStateImpl
08-18 01:37:10.414  3238  3891 W PackageSettings: writeFreezeToXml ustate isn't instance of PackageUserStateImpl
08-18 01:37:10.414  3238  3891 W PackageSettings: writeFreezeToXml ustate isn't instance of PackageUserStateImpl
08-18 01:37:10.414  3238  3891 W PackageSettings: writeFreezeToXml ustate isn't instance of PackageUserStateImpl
08-18 01:37:10.414  3238  3891 W PackageSettings: writeFreezeToXml ustate isn't instance of PackageUserStateImpl
08-18 01:37:10.414  3238  3891 W PackageSettings: writeFreezeToXml ustate isn't instance of PackageUserStateImpl
08-18 01:37:10.414  3238  3891 W PackageSettings: writeFreezeToXml ustate isn't instance of PackageUserStateImpl
08-18 01:37:10.414  3238  3891 W PackageSettings: writeFreezeToXml ustate isn't instance of PackageUserStateImpl
08-18 01:37:10.414  3238  3891 W PackageSettings: writeFreezeToXml ustate isn't instance of PackageUserStateImpl
08-18 01:37:10.414  3238  3891 W PackageSettings: writeFreezeToXml ustate isn't instance of PackageUserStateImpl
08-18 01:37:10.414  3238  3891 W PackageSettings: writeFreezeToXml ustate isn't instance of PackageUserStateImpl
08-18 01:37:10.414  3238  3891 W PackageSettings: writeFreezeToXml ustate isn't instance of PackageUserStateImpl
08-18 01:37:10.414  3238  3891 W PackageSettings: writeFreezeToXml ustate isn't instance of PackageUserStateImpl
08-18 01:37:10.414  3238  3891 W PackageSettings: writeFreezeToXml ustate isn't instance of PackageUserStateImpl
08-18 01:37:10.414  3238  3891 W PackageSettings: writeFreezeToXml ustate isn't instance of PackageUserStateImpl
08-18 01:37:10.414  3238  3891 W PackageSettings: writeFreezeToXml ustate isn't instance of PackageUserStateImpl
08-18 01:37:10.414  3238  3891 W PackageSettings: writeFreezeToXml ustate isn't instance of PackageUserStateImpl
08-18 01:37:10.414  3238  3891 W PackageSettings: writeFreezeToXml ustate isn't instance of PackageUserStateImpl
08-18 01:37:10.414  3238  3891 W PackageSettings: writeFreezeToXml ustate isn't instance of PackageUserStateImpl
08-18 01:37:10.414  3238  3891 W PackageSettings: writeFreezeToXml ustate isn't instance of PackageUserStateImpl
08-18 01:37:10.414  3238  3891 W PackageSettings: writeFreezeToXml ustate isn't instance of PackageUserStateImpl
08-18 01:37:10.414  3238  3891 W PackageSettings: writeFreezeToXml ustate isn't instance of PackageUserStateImpl
08-18 01:37:10.414  3238  3891 W PackageSettings: writeFreezeToXml ustate isn't instance of PackageUserStateImpl
08-18 01:37:10.414  3238  3891 W PackageSettings: writeFreezeToXml ustate isn't instance of PackageUserStateImpl
08-18 01:37:10.414  3238  3891 W PackageSettings: writeFreezeToXml ustate isn't instance of PackageUserStateImpl
08-18 01:37:10.418  3238  4777 I ActivityManager: Killing 30338:com.android.chrome/u0a162 (adj 905): empty #25
08-18 01:37:10.472  3238  5383 I ActivityManager: Death received, pid = 30338, processName = com.android.chrome for thread android.os.BinderProxy@aba0cbc
08-18 01:37:10.478  3238  3589 D DisplayManagerService: Drop pending events for gone uid 10162
08-18 01:37:10.900  3238  4421 W FileUtils: Failed to chmod(AtomicFile[/data/system_de/0/system/game-manager-service.xml]): android.system.ErrnoException: chmod failed: ENOENT (No such file or directory)
08-18 01:37:11.097  3238  5358 D CompatChangeReporter: Compat change id reported: 297989574; UID 1000; state: ENABLED
08-18 01:37:11.232  3238  5254 W PackageManager: package com.google.android.apps.wellbeing uid 10109 pid 6097 call SetEnabledSetting(com.google.android.apps.wellbeing component = com.google.android.apps.wellbeing.focusmode.quicksettings.FocusModeTileService, 1, 0)
08-18 01:37:11.233  3238  5539 W PackageManager: package com.google.android.apps.wellbeing uid 10109 pid 6097 call SetEnabledSetting(com.google.android.apps.wellbeing component = com.google.android.apps.wellbeing.focusmode.ui.FocusModeSettingsActivity, 1, 0)
08-18 01:37:11.282  3238  5074 W AppOpService: Ignored setUidMode call for runtime permission app op: uid = 10266, code = READ_CELL_BROADCASTS, mode = allow, callingUid = 1001, oldMode = allow
08-18 01:37:11.291  3238  5074 W AppOpService: Ignored setUidMode call for runtime permission app op: uid = 1001, code = READ_SMS, mode = allow, callingUid = 1001, oldMode = allow
08-18 01:37:11.292  3238  5074 W AppOpService: Ignored setUidMode call for runtime permission app op: uid = 1001, code = RECEIVE_SMS, mode = allow, callingUid = 1001, oldMode = allow
08-18 01:37:11.292  3238  3500 W AppOpService: Ignored setUidMode call for runtime permission app op: uid = 1001, code = RECEIVE_WAP_PUSH, mode = allow, callingUid = 1001, oldMode = allow
08-18 01:37:11.292  3238  3500 W AppOpService: Ignored setUidMode call for runtime permission app op: uid = 1001, code = SEND_SMS, mode = allow, callingUid = 1001, oldMode = allow
08-18 01:37:11.292  3238  3500 W AppOpService: Ignored setUidMode call for runtime permission app op: uid = 1001, code = READ_CELL_BROADCASTS, mode = allow, callingUid = 1001, oldMode = allow
08-18 01:37:11.326  3238  5074 I ActivityManager: Killing 5696:com.google.android.apps.nbu.files/u0a265 (adj 905): empty #25
08-18 01:37:11.353  3238  5185 I ActivityManager: Death received, pid = 5696, processName = com.google.android.apps.nbu.files for thread android.os.BinderProxy@aaeefb4
