08-18 01:36:56.320  5115  5115 E AndroidRuntime: 	at android.app.servertransaction.TransactionExecutor.executeNonLifecycleItem(TransactionExecutor.java:179)
08-18 01:36:56.320  5115  5115 E AndroidRuntime: 	at android.app.servertransaction.TransactionExecutor.executeTransactionItems(TransactionExecutor.java:114)
08-18 01:36:56.320  5115  5115 E AndroidRuntime: 	at android.app.servertransaction.TransactionExecutor.execute(TransactionExecutor.java:86)
08-18 01:36:56.320  5115  5115 E AndroidRuntime: 	at android.app.ActivityThread$H.handleMessage(ActivityThread.java:2902)
08-18 01:36:56.320  5115  5115 E AndroidRuntime: 	at android.os.Handler.dispatchMessage(Handler.java:107)
08-18 01:36:56.320  5115  5115 E AndroidRuntime: 	at android.os.Looper.loopOnce(Looper.java:282)
08-18 01:36:56.320  5115  5115 E AndroidRuntime: 	at android.os.Looper.loop(Looper.java:387)
08-18 01:36:56.320  5115  5115 E AndroidRuntime: 	at android.app.ActivityThread.main(ActivityThread.java:9500)
08-18 01:36:56.320  5115  5115 E AndroidRuntime: 	at java.lang.reflect.Method.invoke(Native Method)
08-18 01:36:56.320  5115  5115 E AndroidRuntime: 	at com.android.internal.os.RuntimeInit$MethodAndArgsCaller.run(RuntimeInit.java:600)
08-18 01:36:56.320  5115  5115 E AndroidRuntime: 	at com.android.internal.os.ZygoteInit.main(ZygoteInit.java:1005)
08-18 01:36:56.320  5115  5115 E AndroidRuntime: Caused by: java.lang.ClassNotFoundException: Didn't find class "com.example.fuelmaster.MainActivity" on path: DexPathList[[zip file "/data/app/~~NPngLVBzYxaF2XDxFody9Q==/com.example.fuelmaster-bBPzA0z2RhyrbdzSbL32iQ==/base.apk"],nativeLibraryDirectories=[/data/app/~~NPngLVBzYxaF2XDxFody9Q==/com.example.fuelmaster-bBPzA0z2RhyrbdzSbL32iQ==/lib/arm64, /data/app/~~NPngLVBzYxaF2XDxFody9Q==/com.example.fuelmaster-bBPzA0z2RhyrbdzSbL32iQ==/base.apk!/lib/arm64-v8a, /system/lib64, /system_ext/lib64]]
08-18 01:36:56.320  5115  5115 E AndroidRuntime: 	at dalvik.system.BaseDexClassLoader.findClass(BaseDexClassLoader.java:259)
08-18 01:36:56.320  5115  5115 E AndroidRuntime: 	at java.lang.ClassLoader.loadClass(ClassLoader.java:637)
08-18 01:36:56.320  5115  5115 E AndroidRuntime: 	at java.lang.ClassLoader.loadClass(ClassLoader.java:573)
08-18 01:36:56.320  5115  5115 E AndroidRuntime: 	at android.app.AppComponentFactory.instantiateActivity(AppComponentFactory.java:95)
08-18 01:36:56.320  5115  5115 E AndroidRuntime: 	at androidx.core.app.CoreComponentFactory.instantiateActivity(CoreComponentFactory.java:44)
08-18 01:36:56.320  5115  5115 E AndroidRuntime: 	at android.app.Instrumentation.newActivity(Instrumentation.java:1466)
08-18 01:36:56.320  5115  5115 E AndroidRuntime: 	at android.app.ActivityThread.performLaunchActivity(ActivityThread.java:4242)
08-18 01:36:56.320  5115  5115 E AndroidRuntime: 	... 13 more
--------- beginning of system
08-18 01:36:56.545  3238  7440 D ActivityTaskManager: removeAppToken: ActivityRecord{3fefa04 u0 com.example.fuelmaster/.MainActivity t3132 f}} delayed=true parent=Task{85f0a22 #3132 type=standard A=10443:com.example.fuelmaster} animating=true Callers=com.android.server.wm.DisplayContent.removeAppToken:1734 com.android.server.wm.ActivityRecord.removeFromHistory:5036 com.android.server.wm.ActivityRecord.handleAppDied:5379 com.android.server.wm.WindowProcessController.handleAppDied:1622 
08-18 01:36:56.545  3238  7440 D ActivityTaskManager: removeStartingWindowAnimation starting ActivityRecord{3fefa04 u0 com.example.fuelmaster/.MainActivity t3132 f}} startingWindow=null ,startingView=com.android.server.wm.StartingSurfaceController$StartingSurface@9b041ba,Callers=com.android.server.wm.ActivityRecord.removeStartingWindow:3537 com.android.server.wm.ActivityRecord.onRemovedFromDisplay:5504 com.android.server.wm.DisplayContent.removeAppToken:1734 com.android.server.wm.ActivityRecord.removeFromHistory:5036 com.android.server.wm.ActivityRecord.handleAppDied:5379 
08-18 01:36:56.546  3238  7440 D OplusStartingWindowManager: interceptRemoveStartingWindow: packageName=com.example.fuelmaster,  componentName=com.example.fuelmaster/.MainActivity, isSnapshot=false, startingSurfaceRunnable=null, isDrawCompleted=false, hasSurfaceView=false, inTransition=true
08-18 01:36:56.546  3238  7440 D OplusSplitScreenDnDUI: notifyRemoveStartingWindow isSpitScreenDrag = false mDropTargetSurface = null StartingWindowpkgName = com.example.fuelmaster DragPkg = null isLauncherResume = true
08-18 01:36:56.546  3238  7440 D OplusStartingWindowManager: interceptRemoveStartingWindow: hasSplashWindowFlag() return false for activity=ActivityRecord{3fefa04 u0 com.example.fuelmaster/.MainActivity t3132 f}}
08-18 01:36:56.546  3238  7440 D FlexibleWindowManagerService: [resetSiblingEmbeddedTasksToFullScreen] return as is home or recent
08-18 01:36:56.555  3238  3501 D WindowManagerServiceExtImpl: extractConfigInfoAndRealFlags rotation=0, screenDp=361, residentWS:0, win=Window{5729a5d u0 Splash Screen com.example.fuelmaster}
08-18 01:36:56.555  3238  3501 V WindowManager: Relayout Window{5729a5d u0 Splash Screen com.example.fuelmaster}: viewVisibility=8, oldvis=0, req=1264x2780, vsysui=
08-18 01:36:56.556  3238  3501 D WindowManager: setFrameRateStart invalid typeId return!
08-18 01:36:56.557  3238  3501 D QuickBackInputPolicy: hasMultiChildrenInTask: false
08-18 01:36:56.557  3238  3501 D WindowManager: NFW_findFocusedWindowIfNeeded:Window{b664654 u0 com.android.launcher/com.android.launcher.Launcher} mCurrentFocus:Window{b664654 u0 com.android.launcher/com.android.launcher.Launcher}
08-18 01:36:56.558  3238  3501 I WindowStateExtImpl: onSurfaceShowChange show = false mPackageName = com.example.fuelmaster parentPkgName = com.example.fuelmaster
08-18 01:36:56.558  3238  3501 I WindowManager: Window{5729a5d u0 Splash Screen com.example.fuelmaster EXITING} state from HAS_DRAWN to NO_SURFACE; reason: destroySurface
08-18 01:36:56.559  3238  3603 D SurfaceAnimationRunner: onAnimationStart:Surface(name=Surface(name=5729a5d Splash Screen com.example.fuelmaster)/@0x64af3ce - animation-leash of window_animation)/@0x3eed86b
08-18 01:36:56.559  3238  3501 D SurfaceAnimationRunner: onAnimationCancelled:Surface(name=Surface(name=5729a5d Splash Screen com.example.fuelmaster)/@0x64af3ce - animation-leash of window_animation)/@0x3eed86b com.android.server.wm.LocalAnimationAdapter.onAnimationCancelled:72 com.android.server.wm.SurfaceAnimator.cancelAnimation:457 com.android.server.wm.SurfaceAnimator.cancelAnimation:344 com.android.server.wm.WindowContainer.setParent:704 com.android.server.wm.WindowContainer.removeChild:950 
08-18 01:36:56.560  3238  3603 D SurfaceAnimationRunner: onAnimationEnd:Surface(name=Surface(name=5729a5d Splash Screen com.example.fuelmaster)/@0x64af3ce - animation-leash of window_animation)/@0x3eed86b
08-18 01:36:56.561  3238  3501 D QuickBackInputPolicy: hasMultiChildrenInTask: false
08-18 01:36:56.561  3238  3501 D WindowManager: NFW_findFocusedWindowIfNeeded:Window{b664654 u0 com.android.launcher/com.android.launcher.Launcher} mCurrentFocus:Window{b664654 u0 com.android.launcher/com.android.launcher.Launcher}
08-18 01:36:56.597  3238  4452 W JobScheduler: Job didn't exist in JobStore: #ru.auto.ara/27117998
08-18 01:36:56.614  3238  3501 I ActivityManager: Flag disabled. Ignoring finishAttachApplication from uid: 10345. pid: 5342
08-18 01:36:56.626  3238  5358 W PackageConfigPersister: App-specific configuration not found for packageName: ru.auto.ara and userId: 0
08-18 01:36:56.844  3238  3594 W ActivityTaskManager: Activity top resumed state loss timeout for ActivityRecord{3fefa04 u0 com.example.fuelmaster/.MainActivity t3132 f} isExiting}
08-18 01:36:56.844  3238  3594 I OplusJoystickManager: handleApplicationSwitch deprecated!
08-18 01:36:56.845  3238  4941 D OplusAppSwitchListener: Detect com.example.fuelmaster switch to background
08-18 01:36:56.845  3238  4941 D OplusFeatureReduceBrightness: onAppExit , info = com.example.fuelmaster
08-18 01:36:56.845  3238  4941 D OplusEapManager: mTargetExitName :com.example.fuelmaster
08-18 01:36:56.846  4923  4923 D ResourcesManagerExtImpl: applyConfigurationToAppResourcesLocked app.getDisplayId() return callback.displayId:0
08-18 01:36:56.847  3238  3889 D VRR [OPlusRefreshRateService]: handleFrontAppChange pkgName: null
08-18 01:36:56.851  3238  4941 D OplusAppSwitchListener: Detect com.android.launcher switch to foreground
08-18 01:36:56.851  3238  4941 D OplusFeatureRiderMode: onAppEnter , info = com.android.launcher
08-18 01:36:56.851  3238  3870 I OplusSmartBrightnessController: handleMessage MSG_POWER_BRIGHTNESS_CHANGED.
08-18 01:36:56.851  3238  3819 D ColorAutomaticBrightnessController: MSG_UPDATE_BRIGHTNESS
08-18 01:36:56.851  3238  5358 D VRR [OPlusRefreshRateService]:  setFrameRateTargetControl [ 0.0 , com.example.fuelmaster , false , com.oplus.battery ]
08-18 01:36:56.851  3238  5358 D VRR [OPlusExternalRefreshRateManager]:  [FRTC] FrameRate : 0 com.example.fuelmaster false com.oplus.battery 0 1000
08-18 01:36:56.851  3238  3819 D OplusFeatureTemperatureLimitBrightness: not Apollo project uses the new rate , rate:20
08-18 01:36:56.852  3238  4372 D ORBrightnessMarvelsDataCollector: Runnable-MarvelsAppEnterInfo[2025-08-18 01:36:56,com.android.launcher,7.0]
08-18 01:36:56.853  3238  4941 D OplusEapManager: mTargetEnterName :com.android.launcher
08-18 01:36:56.853  3238  4941 D VRR [OPlusFrontAppManager]: OnAppSwitchObserver: onAppEnter , info.targetName = com.android.launcher
08-18 01:36:56.853  3238  3889 D VRR [OPlusRefreshRateService]: handleFrontAppChange pkgName: com.android.launcher
08-18 01:36:56.853  3238  3889 D VRR [OPlusExternalRefreshRateManager]:  [OTI] handleTouchIdleState: special timeout 5000
08-18 01:36:56.853  3238  3889 D VRR [OPlusSAManager]: updateAutoMinfps with nits: 599.69885, mHistOK true, mAmbientOK false, mCctOK true, mIrOK true, mBrightnessOK true, isPkgOK true, SA min fps: 0
08-18 01:36:56.854  3238  4452 D OplusBatteryServiceFeature: setSmartCoolDown: coolDown = 12, normalCoolDown = 12, pkgName = com.android.launcher
08-18 01:36:57.035  3238  3889 D VRR [OPlusSAManager]: updateAutoMinfps with nits: 599.69885, mHistOK true, mAmbientOK false, mCctOK true, mIrOK true, mBrightnessOK true, isPkgOK true, SA min fps: 0
08-18 01:36:57.035  3238  3889 D VRR [OPlusSurfaceFlingerController]: setAutoMode enable: true fakeFrame: true fps: 0
08-18 01:36:57.242  4494  4573 V WindowManagerShell: Transition animation finished (aborted=false), notifying core (#4922) android.os.BinderProxy@255411c@0
08-18 01:36:57.242  4494  4573 D SplitScreen-->AppLockManager: setStartFromSafeControl mStartFromSafeControl=false
08-18 01:36:57.244  3238  5534 D Transition: finishTransition ar ActivityRecord{14cdb68 u0 com.android.launcher/.Launcher t5}, isVisibleRequested=true, state=RESUMED, visibleAtTransitionEndTokens={ActivityRecord{14cdb68 u0 com.android.launcher/.Launcher t5}, WallpaperWindowToken{b40330f token=android.os.Binder@43b4a58 showWhenLocked=false}}, this=TransitionRecord{219d267 id=4922 track=0 type=CLOSE flags=0x10 state=2}
08-18 01:36:57.244  3238  5534 D Transition: finishTransition ar ActivityRecord{3fefa04 u0 com.example.fuelmaster/.MainActivity t3132 f} isExiting}, isVisibleRequested=false, state=DESTROYED, visibleAtTransitionEndTokens={ActivityRecord{14cdb68 u0 com.android.launcher/.Launcher t5}, WallpaperWindowToken{b40330f token=android.os.Binder@43b4a58 showWhenLocked=false}}, this=TransitionRecord{219d267 id=4922 track=0 type=CLOSE flags=0x10 state=2}
08-18 01:36:57.244  3238  5534 D ActivityTaskManager: commitVisibility: ActivityRecord{3fefa04 u0 com.example.fuelmaster/.MainActivity t3132 f} isExiting}: visible=false visibleRequested=false, isInTransition=false, runningAnimation=false 
08-18 01:36:57.244  3238  5534 D WindowManager: NFW_setClientVisible:ActivityRecord{3fefa04 u0 com.example.fuelmaster/.MainActivity t3132 f} isExiting} clientVisible:false
08-18 01:36:57.244  3238  5534 I OplusAppSwitchManagerService:  handleAppVisible , r = ActivityRecord{14cdb68 u0 com.android.launcher/.Launcher t5}
08-18 01:36:57.245  3238  5534 D ActivityTaskManager: removeAppToken: ActivityRecord{3fefa04 u0 com.example.fuelmaster/.MainActivity t3132 f}} delayed=false parent=Task{85f0a22 #3132 type=standard A=10443:com.example.fuelmaster} animating=false Callers=com.android.server.wm.ActivityRecord.removeImmediately:5394 com.android.server.wm.ActivityRecord.removeIfPossible:5409 com.android.server.wm.ActivityRecord.handleCompleteDeferredRemoval:5415 com.android.server.wm.WindowContainer.handleCompleteDeferredRemoval:1622 
08-18 01:36:57.245  3238  5534 D OplusMirageWindowManagerService: onTaskRemoved displayid:0 taskId:3132 callers:com.android.server.wm.MirageWindowManagerExtImpl.onTaskRemoved:47 com.android.server.wm.TaskDisplayArea.removeChildTask:394 com.android.server.wm.TaskDisplayArea.removeChild:383 com.android.server.wm.WindowContainer.removeImmediately:1016 com.android.server.wm.TaskFragment.removeImmediately:3644 
08-18 01:36:57.245  3238  5534 I OplusScreenSecurityMask: onStackRemoved task = Task{85f0a22 #3132 type=standard A=10443:com.example.fuelmaster} record = null displayId = 0
08-18 01:36:57.246  3238  5534 D OplusTransitionController: finishTransition, transition: TransitionRecord{219d267 id=4922 track=0 type=CLOSE flags=0x10 state=4}
08-18 01:36:57.247  3238  5534 D TransitionController: NFW_send RECOMPUTE_FOCUS in finishTransition
08-18 01:36:57.247  4494  4573 D ShellTaskOrganizer: onTransitionFinish, isRecent:false
08-18 01:36:57.247  4494  4573 V WindowManagerShell: Track 0 became idle
08-18 01:36:57.248  3238  5074 W UserManagerService: Requested status bar icon for non-badged user 0
08-18 01:36:57.248  3238  3599 D OplusFlexibleWindowMinimizedManagerHelper: onTaskVanished taskInfo:3132 task:Task{85f0a22 #3132 type=standard A=10443:com.example.fuelmaster}
08-18 01:36:57.248  3238  3599 D OplusFlexibleDragToSplitAnimController: visibleFlexibleTaskInfos delete:3132
08-18 01:36:57.248  3238  3599 D FlexibleTaskController: no need releaseFlexibleCaptionView or destroyFlexibleDragLeash when non-caption-view-task vanished, task=Task{85f0a22 #3132 type=standard A=10443:com.example.fuelmaster}
08-18 01:36:57.248  3238  3599 D FlexibleWindowManagerService: notifyFlexibleTaskVanish taskId : 3132 is not taskEmbedded
08-18 01:36:57.248  3238  3599 D FlexibleWindowManagerService: onFlexibleWindowTaskVanished: task = 3132,size:0
08-18 01:36:57.249  3238  3599 D OplusFlexibleWindowMinimizedManagerHelper: onTaskVanished taskInfo:3132 task:Task{85f0a22 #3132 type=standard A=10443:com.example.fuelmaster}
08-18 01:36:57.249  3238  3599 D OplusFlexibleDragToSplitAnimController: visibleFlexibleTaskInfos delete:3132
08-18 01:36:57.249  3238  3599 D FlexibleTaskController: no need releaseFlexibleCaptionView or destroyFlexibleDragLeash when non-caption-view-task vanished, task=Task{85f0a22 #3132 type=standard A=10443:com.example.fuelmaster}
08-18 01:36:57.249  3238  3599 D FlexibleWindowManagerService: notifyFlexibleTaskVanish taskId : 3132 is not taskEmbedded
08-18 01:36:57.249  3238  3599 D FlexibleWindowManagerService: onFlexibleWindowTaskVanished: task = 3132,size:0
08-18 01:36:57.252  3238  5534 D ActivityTaskManager: Skipping, invisible task: Task{58bf8b0 #5 type=home I=com.android.launcher/.Launcher}
08-18 01:36:57.253  3238  5534 D ActivityTaskManager: pre-Filtered:com.example.fuelmaster # org.telegram.messenger # com.android.contacts # ru.pyaterochka.app.browser # 
08-18 01:36:57.253  3238  5534 D ActivityTaskManager: after skip size 4
08-18 01:36:57.253  3238  5074 W UserManagerService: Requested status bar icon for non-badged user 0
08-18 01:36:57.255  3238  3594 D QuickBackInputPolicy: hasMultiChildrenInTask: false
08-18 01:36:57.255  3238  3594 D WindowManager: NFW_findFocusedWindowIfNeeded:Window{b664654 u0 com.android.launcher/com.android.launcher.Launcher} mCurrentFocus:Window{b664654 u0 com.android.launcher/com.android.launcher.Launcher}
08-18 01:36:57.259  3238  4200 D PowerManagerService: userActivityNoUpdateLocked: groupId=0, eventTime=453048393, event=touch, flags=0x0, uid=1000
08-18 01:36:57.492  3238  4200 D PowerManagerService: userActivityNoUpdateLocked: groupId=0, eventTime=453048626, event=touch, flags=0x0, uid=1000
08-18 01:36:57.612  3238  3599 D OplusAppQuickStart_AppQuickStartingSurface: task is not on display when StartingSurfaceTimeoutRunnable, use pendingTransaction
08-18 01:36:57.675  4923  5230 D LinearmotorVibrator: vibrate: effect=WaveformEffect { 97b3097, effectType=69, effectStrength=-1, effectLoop=false, ringtoneVibrateType=-1, isRingtoneCustomized=false, ringtoneFilePath=, strengthSettingEnabled=true, asynchronous=false, usageHint=0 }
08-18 01:36:57.676  3238  5185 I VibratorManagerServiceExtImpl: vibrate is uid=10216, pid=4923, opPkg=com.android.launcher, effect=Mono{mEffect=Composed{segments=[OplusVibrationEffectSegment{mEffectId=69, mEffectStrength=-1, mRingtonePath=''}], repeat=-1}}, attributes=VibrationAttributes{mUsage=UNKNOWN, mAudioUsage= USAGE_UNKNOWN, mCategory=UNKNOWN, mFlags=0}, reason=null, token=254552978
08-18 01:36:57.678  3238  4180 W VibrationScaler: Got unexpected vibration intensity: 2000
08-18 01:36:57.678  3238  4180 E VibrationScaler: No configured scaling level found! (current=2000, default= 2)
08-18 01:36:57.679  3238  4180 D VibrationThread: Perform OplusPrebakedSegment{mWaveformId=6, mDuration=45, mEffectStrength=2000, mDefaultUsage=TOUCH} on vibrator 0
08-18 01:36:57.679  3238  5185 D ShortcutService: Getting shortcuts for launcher= com.android.launcheruser=0 pkg=null
08-18 01:36:57.737  3238  5358 D ShortcutService: Getting shortcuts for launcher= com.android.launcheruser=0 pkg=null
08-18 01:36:57.933  3238  4200 D PowerManagerService: userActivityNoUpdateLocked: groupId=0, eventTime=453049067, event=touch, flags=0x0, uid=1000
08-18 01:36:58.480  3238  4200 D PowerManagerService: userActivityNoUpdateLocked: groupId=0, eventTime=453049614, event=touch, flags=0x0, uid=1000
08-18 01:36:58.528  3238  5539 D CompatChangeReporter: Compat change id reported: 161145287; UID 1000; state: ENABLED
08-18 01:36:58.582  3238  4200 D PowerManagerService: userActivityNoUpdateLocked: groupId=0, eventTime=453049718, event=touch, flags=0x0, uid=1000
08-18 01:36:58.615  3238  5534 D QuickBackInputPolicy: hasMultiChildrenInTask: false
08-18 01:36:58.615  3238  5534 D WindowManager: NFW_findFocusedWindowIfNeeded:Window{5ba71db u0 com.android.launcher/com.android.launcher.Launcher} mCurrentFocus:Window{b664654 u0 com.android.launcher/com.android.launcher.Launcher}
08-18 01:36:58.615  3238  5534 V WindowManager: Changing focus from Window{b664654 u0 com.android.launcher/com.android.launcher.Launcher} to Window{5ba71db u0 com.android.launcher/com.android.launcher.Launcher},diplayid=0
08-18 01:36:58.615  3238  4361 E UAH-Framework: invalid window type -1, return
08-18 01:36:58.615  3238  5534 D WindowManager: setFrameRateStart invalid typeId return!
08-18 01:36:58.615  3238  3889 D VRR [OPlusRefreshRateService]: Receive multi scene changed eventId = 5 bundleList.size = 2
08-18 01:36:58.616  3238  5534 D WindowManager: setFrameRateStart invalid typeId return!
08-18 01:36:58.616  3238  5534 I WindowManager: addWindow: New client android.os.BinderProxy@6cd9aea : window=Window{5ba71db u0 com.android.launcher/com.android.launcher.Launcher}
08-18 01:36:58.620  3238  5534 D CoreBackPreview: Window{5ba71db u0 com.android.launcher/com.android.launcher.Launcher}: Setting back callback OnBackInvokedCallbackInfo{mCallback=android.window.IOnBackInvokedCallback$Stub$Proxy@2634153, mPriority=0, mIsAnimationCallback=false}
08-18 01:36:58.621  3238  5534 V WindowManager: Relayout Window{5ba71db u0 com.android.launcher/com.android.launcher.Launcher}: viewVisibility=0, oldvis=0, req=1264x986, vsysui=, x=0, y=0
08-18 01:36:58.621  3238  5534 I WindowManager: Window{5ba71db u0 com.android.launcher/com.android.launcher.Launcher} state from NO_SURFACE to DRAW_PENDING; reason: resetDrawState
08-18 01:36:58.623  3238  5534 D QuickBackInputPolicy: hasMultiChildrenInTask: false
08-18 01:36:58.623  3238  5534 D WindowManager: NFW_findFocusedWindowIfNeeded:Window{5ba71db u0 com.android.launcher/com.android.launcher.Launcher} mCurrentFocus:Window{5ba71db u0 com.android.launcher/com.android.launcher.Launcher}
08-18 01:36:58.631  3238  5185 I WindowManager: Window{5ba71db u0 com.android.launcher/com.android.launcher.Launcher} state from DRAW_PENDING to COMMIT_DRAW_PENDING; reason: finishDrawingLocked
08-18 01:36:58.632  3238  3599 I WindowManager: Window{5ba71db u0 com.android.launcher/com.android.launcher.Launcher} state from COMMIT_DRAW_PENDING to READY_TO_SHOW; reason: commitFinishDrawingLocked
08-18 01:36:58.632  3238  3599 D OplusAppQuickStart_AppQuickStartController: onFirstWindowDrawn ar=ActivityRecord{14cdb68 u0 com.android.launcher/.Launcher t5}
08-18 01:36:58.632  3238  3599 D ActivityTaskManager: Clearing startingData for activity=ActivityRecord{14cdb68 u0 com.android.launcher/.Launcher t5} mStartingData=null mStartingSurface=null
08-18 01:36:58.633  3238  3599 D WindowManager: setFrameRateStart invalid typeId return!
08-18 01:36:58.633  3238  3599 I WindowManager: Window{5ba71db u0 com.android.launcher/com.android.launcher.Launcher} state from READY_TO_SHOW to HAS_DRAWN; reason: performShowLocked
08-18 01:36:58.642  3238  3603 D SurfaceAnimationRunner: onAnimationStart:Surface(name=Surface(name=5ba71db com.android.launcher/com.android.launcher.Launcher)/@0xb14b8e - animation-leash of window_animation)/@0xe569faf
08-18 01:36:58.642  3238  3603 D SurfaceAnimationRunner: onAnimationStart:Surface(name=Dim Layer for - Task=1)/@0xc30db45
08-18 01:36:58.753  3238  5539 D ActivityTaskManager: Skipping, invisible task: Task{58bf8b0 #5 type=home I=com.android.launcher/.Launcher}
08-18 01:36:58.754  3238  5539 D ActivityTaskManager: pre-Filtered:com.example.fuelmaster # org.telegram.messenger # com.android.contacts # ru.pyaterochka.app.browser # 
08-18 01:36:58.754  3238  5539 D ActivityTaskManager: after skip size 4
08-18 01:36:58.896  3238  3603 D SurfaceAnimationRunner: onAnimationEnd:Surface(name=Surface(name=5ba71db com.android.launcher/com.android.launcher.Launcher)/@0xb14b8e - animation-leash of window_animation)/@0xe569faf
08-18 01:36:58.897  3238  3603 D SurfaceAnimationRunner: onAnimationEnd:Surface(name=Dim Layer for - Task=1)/@0xc30db45
08-18 01:36:59.339  3238  4200 D PowerManagerService: userActivityNoUpdateLocked: groupId=0, eventTime=453050472, event=touch, flags=0x0, uid=1000
08-18 01:36:59.457  3238  4200 D PowerManagerService: userActivityNoUpdateLocked: groupId=0, eventTime=453050592, event=touch, flags=0x0, uid=1000
08-18 01:36:59.467  3238  4452 D CoreBackPreview: Window{5ba71db u0 com.android.launcher/com.android.launcher.Launcher}: Setting back callback null
08-18 01:36:59.470  3238  4452 D WindowManager: setFrameRateStart invalid typeId return!
08-18 01:36:59.471  3238  4452 D QuickBackInputPolicy: hasMultiChildrenInTask: false
08-18 01:36:59.471  3238  4452 D WindowManager: NFW_findFocusedWindowIfNeeded:Window{b664654 u0 com.android.launcher/com.android.launcher.Launcher} mCurrentFocus:Window{5ba71db u0 com.android.launcher/com.android.launcher.Launcher EXITING}
08-18 01:36:59.471  3238  4452 V WindowManager: Changing focus from Window{5ba71db u0 com.android.launcher/com.android.launcher.Launcher EXITING} to Window{b664654 u0 com.android.launcher/com.android.launcher.Launcher},diplayid=0
08-18 01:36:59.471  3238  4452 D WindowManager: setFrameRateStart invalid typeId return!
08-18 01:36:59.471  3238  3889 D VRR [OPlusRefreshRateService]: Receive multi scene changed eventId = 5 bundleList.size = 1
08-18 01:36:59.472  3238  4452 D WindowManager: setFrameRateStart invalid typeId return!
08-18 01:36:59.478  3238  3603 D SurfaceAnimationRunner: onAnimationStart:Surface(name=Surface(name=5ba71db com.android.launcher/com.android.launcher.Launcher)/@0xb14b8e - animation-leash of window_animation)/@0x3181fb5
08-18 01:36:59.480  3238  3870 D OplusFeatureHDREnhanceBrightness: checkIsPlayingHDR isPlayingHDR=0 rotation=0 whiteApp=false battery=100
08-18 01:36:59.482  3238  3594 V WindowManager: Unknown focus tokens, dropping reportFocusChanged
08-18 01:36:59.486  3238  3603 D SurfaceAnimationRunner: onAnimationStart:Surface(name=Dim Layer for - Task=1)/@0xc30db45
08-18 01:36:59.733  3238  3603 D SurfaceAnimationRunner: onAnimationEnd:Surface(name=Surface(name=5ba71db com.android.launcher/com.android.launcher.Launcher)/@0xb14b8e - animation-leash of window_animation)/@0x3181fb5
08-18 01:36:59.733  3238  3599 I WindowManager: Window{5ba71db u0 com.android.launcher/com.android.launcher.Launcher EXITING} state from HAS_DRAWN to NO_SURFACE; reason: destroySurface
08-18 01:36:59.741  3238  3603 D SurfaceAnimationRunner: onAnimationEnd:Surface(name=Dim Layer for - Task=1)/@0xc30db45
08-18 01:36:59.999  3238  5539 I ActivityManager: Death received, pid = 4715, processName = com.heytap.mcs.appservice for thread android.os.BinderProxy@8394e08
08-18 01:37:00.000  3238  4585 I ActivityManager: Process com.heytap.mcs.appservice (pid 4715) has died: cch+5 CEM 
08-18 01:37:00.000  3238  4182 V AlarmManager: sending alarm Alarm{85cd9a1 type 3 origWhen 797595452 whenElapsed 797595452 android} uid 1000 whenElapsed 797595452 windowLength 0 maxWhenElapsed 797595452 repeatInterval 0 action null component null tag TIME_TICK flags 0x9 procName system_server
08-18 01:37:00.024  3238  3238 D LightsServiceExtImpl: currentTime is not belong to 700 - 2330
08-18 01:37:00.025  3238  3870 D OplusDisplayBrightnessBroadcastReceiver: onReceive action = android.intent.action.TIME_TICK , listeners = [com.android.server.display.marvels.module.ORBrightnessMarvelsDataCollector$ScreenStateReceiver@be57c5, com.android.server.display.oplus.eyeprotect.manager.AiCurveManager$RhythmBroadcastReceiver@727951a, com.android.server.display.ambience.events.event.TimeEvent$TimeChangeReceiver@4aa390d]
08-18 01:37:00.213  3238  4200 D PowerManagerService: userActivityNoUpdateLocked: groupId=0, eventTime=453051347, event=touch, flags=0x0, uid=1000
08-18 01:37:00.254  3238  5074 D FlexibleTaskController: hideZoomWindow flag = 12 ,caller = 4923
08-18 01:37:00.263  3238  3588 D AutofillManagerService: Close system dialogs
08-18 01:37:00.264  3238  3589 V AutofillUI: hideSaveUiUiThread(): mSaveUi=null, callback=null, mCallback=null
08-18 01:37:00.264  3238  3238 D OplusFlexibleWindowMinimizedManagerHelper: onReceive, intent = android.intent.action.CLOSE_SYSTEM_DIALOGS reason:recentapps state:0
08-18 01:37:00.285  3238  3589 D WindowManager: request show transient bar, navigationBar already visible
08-18 01:37:00.292  3238  5074 W PackageManager: package com.android.launcher uid 10216 pid 4923 call SetEnabledSetting(com.example.fuelmaster component = unknown, 2, 0)
08-18 01:37:00.295  3238  5074 I AppsFilter: interaction: PackageSetting{a19d8d4 com.android.microdroid.empty_payload/10298} -> PackageSetting{f539c95 com.example.fuelmaster/10443} BLOCKED
08-18 01:37:00.295  3238  5074 I AppsFilter: interaction: PackageSetting{30d8d72 com.oplus.locationproxy/10185} -> PackageSetting{f539c95 com.example.fuelmaster/10443} BLOCKED
08-18 01:37:00.295  3238  5074 I AppsFilter: interaction: PackageSetting{60a25c3 com.android.certinstaller/10228} -> PackageSetting{f539c95 com.example.fuelmaster/10443} BLOCKED
08-18 01:37:00.295  3238  5074 I AppsFilter: interaction: PackageSetting{1a5ae40 com.example.my_beauty_app/10445} -> PackageSetting{f539c95 com.example.fuelmaster/10443} BLOCKED
08-18 01:37:00.295  3238  5074 I AppsFilter: interaction: PackageSetting{422e179 com.oplus.location/10235} -> PackageSetting{f539c95 com.example.fuelmaster/10443} BLOCKED
08-18 01:37:00.305  3238  3905 I FlexibleTaskController: destroyFlexibleTaskSurface() called with: transaction = [Task{85f0a22 #3132 type=standard A=10443:com.example.fuelmaster}], reason = [RemoveTask]
08-18 01:37:00.309  3238  3905 D ActivityTaskManager: notifyTaskRemoved, task: Task{85f0a22 #3132 type=standard A=10443:com.example.fuelmaster} trace:com.android.server.wm.RecentTasks.remove:1485 com.android.server.wm.ActivityTaskSupervisor.cleanUpRemovedTask:2039 com.android.server.wm.ActivityTaskSupervisor.removeTask:2003 com.android.server.wm.ActivityTaskSupervisor.removeTask:1931 com.android.server.wm.RecentTasks.cleanupDisabledPackageTasksLocked:843 
08-18 01:37:00.313  3238  4323 D ShortcutService: received package broadcast intent: Intent { act=android.intent.action.PACKAGE_CHANGED dat=package: flg=0x5000010 (has extras) }
08-18 01:37:00.313  3238  4323 D ShortcutService: changing package: com.example.fuelmaster userId0
08-18 01:37:00.314  3238  4323 D ShortcutService: handlePackageRemoved: com.example.fuelmaster user=0
08-18 01:37:00.316  3238  4200 D PowerManagerService: userActivityNoUpdateLocked: groupId=0, eventTime=453051451, event=touch, flags=0x0, uid=1000
08-18 01:37:00.339  3238  3905 D PackageManager: reset oplus-freeze state for com.example.fuelmaster after uninstalled for user 0
08-18 01:37:00.339  3238  3905 D PackageManager: reset pendingDataMig state for com.example.fuelmaster after uninstalled for user 0
08-18 01:37:00.339  3238  3905 D PackageManager: reset oplushide state for com.example.fuelmaster after uninstalled for user 0
08-18 01:37:00.343  3238  3759 I ActivityManager: Force stopping com.example.fuelmaster appid=10443 user=0: deletePackageX
08-18 01:37:00.346  3238  3905 D OplusAppDataMigrateManager: user not pending migrate: 0
08-18 01:37:00.358  1247 14597 I keystore2: system/security/keystore2/src/maintenance.rs:341 - clearNamespace(r#APP, nspace=10443)
08-18 01:37:00.368  3238  3905 D OplusRemovableAppManager: isSystemApp = false
08-18 01:37:00.368  3238  3905 D OplusRemovableAppManager: package com.example.fuelmaster in user 10 is installed
08-18 01:37:00.368  3238  3905 D OplusRemovableAppManager: uninstalled by all users = false
08-18 01:37:00.370  3238  3905 I ActivityManager: Force stopping com.example.fuelmaster appid=10443 user=0: pkg removed
08-18 01:37:00.371  1247  5669 I keystore2: system/security/keystore2/src/database.rs:1321 - First database operation finished
08-18 01:37:00.389  3238  4694 W AppOpService: Ignored setUidMode call for runtime permission app op: uid = 10258, code = FINE_LOCATION, mode = allow, callingUid = 1000, oldMode = allow
08-18 01:37:00.395  3238  3905 E OplusAppQuickStart_OplusAppQuickStart: success to delete file: com.example.fuelmaster_0_17.webp
08-18 01:37:00.421  3238  4200 D PowerManagerService: userActivityNoUpdateLocked: groupId=0, eventTime=453051555, event=touch, flags=0x0, uid=1000
08-18 01:37:00.423  4923  5203 D LinearmotorVibrator: vibrate: effect=WaveformEffect { d8fcc45, effectType=1, effectStrength=-1, effectLoop=false, ringtoneVibrateType=-1, isRingtoneCustomized=false, ringtoneFilePath=, strengthSettingEnabled=true, asynchronous=false, usageHint=0 }
08-18 01:37:00.424  3238  5534 I VibratorManagerServiceExtImpl: vibrate is uid=10216, pid=4923, opPkg=com.android.launcher, effect=Mono{mEffect=Composed{segments=[OplusVibrationEffectSegment{mEffectId=1, mEffectStrength=-1, mRingtonePath=''}], repeat=-1}}, attributes=VibrationAttributes{mUsage=UNKNOWN, mAudioUsage= USAGE_UNKNOWN, mCategory=UNKNOWN, mFlags=0}, reason=null, token=254552978
08-18 01:37:00.424  3238  4445 D OplusZoomSettingsObserver: onPackageRemoved, pkg = com.example.fuelmaster
08-18 01:37:00.431  3238  4445 D FlexibleUiObserver:  onPackageRemoved = com.example.fuelmaster uid = 10443
08-18 01:37:00.431  3238  4225 V StorageManagerService: Package com.example.fuelmaster does not have legacy storage
08-18 01:37:00.431  3238  4180 W VibrationScaler: Got unexpected vibration intensity: 2000
08-18 01:37:00.431  3238  4180 E VibrationScaler: No configured scaling level found! (current=2000, default= 2)
08-18 01:37:00.432  3238  4180 D VibrationThread: Perform OplusPrebakedSegment{mWaveformId=2, mDuration=45, mEffectStrength=2000, mDefaultUsage=TOUCH} on vibrator 0
08-18 01:37:00.433  3238  4323 D ShortcutService: Saving package item com.android.launcher to /data/system_ce/0/shortcut_service/launchers/com.android.launcher0.xml
08-18 01:37:00.436  3238  4212 I VibrationEffectConvertor: onInputMethodListUpdated received, info.size = 5
08-18 01:37:00.436  3238  4212 I VibrationEffectConvertor: userid = 0, packageName = com.google.android.tts
08-18 01:37:00.436  3238  4212 I VibrationEffectConvertor: userid = 0, packageName = com.google.android.inputmethod.latin
08-18 01:37:00.436  3238  4212 I VibrationEffectConvertor: userid = 0, packageName = com.yandex.searchapp
08-18 01:37:00.436  3238  4212 I VibrationEffectConvertor: userid = 0, packageName = com.preff.kb.op
08-18 01:37:00.437  3238  4212 I VibrationEffectConvertor: userid = 0, packageName = com.oplus.securitykeyboard
08-18 01:37:00.441  3238  5074 D ActivityTaskManager: Skipping, invisible task: Task{58bf8b0 #5 type=home I=com.android.launcher/.Launcher}
08-18 01:37:00.441  3238  5074 D ActivityTaskManager: pre-Filtered:org.telegram.messenger # com.android.contacts # ru.pyaterochka.app.browser # 
08-18 01:37:00.441  3238  5074 D ActivityTaskManager: after skip size 3
08-18 01:37:00.446  3238  4216 V AccessibilityManagerService: onUserStateChangedLocked for user 0 with forceUpdate: false mEnabledServices = [] mCrashedServices = []
08-18 01:37:00.447  3238  4216 W MagnificationConnectionManager: requestConnection duplicated request: connect=false, mConnectionState=DISCONNECTED
08-18 01:37:00.457  3238  3238 D OplusCustomizeService: UninstallBroadcastReceiver, pkgName=com.example.fuelmaster, isReInstall=false
08-18 01:37:00.470  3238  4216 V AccessibilityManagerService: onUserStateChangedLocked for user 0 with forceUpdate: false mEnabledServices = [] mCrashedServices = []
08-18 01:37:00.472  3238  4216 W MagnificationConnectionManager: requestConnection duplicated request: connect=false, mConnectionState=DISCONNECTED
08-18 01:37:00.525  3238  4200 D PowerManagerService: userActivityNoUpdateLocked: groupId=0, eventTime=453051660, event=touch, flags=0x0, uid=1000
08-18 01:37:00.543  3238  4212 I VibrationEffectConvertor: onInputMethodListUpdated received, info.size = 5
08-18 01:37:00.543  3238  4212 I VibrationEffectConvertor: userid = 0, packageName = com.google.android.tts
08-18 01:37:00.543  3238  4212 I VibrationEffectConvertor: userid = 0, packageName = com.google.android.inputmethod.latin
08-18 01:37:00.543  3238  4212 I VibrationEffectConvertor: userid = 0, packageName = com.yandex.searchapp
08-18 01:37:00.543  3238  4212 I VibrationEffectConvertor: userid = 0, packageName = com.preff.kb.op
08-18 01:37:00.543  3238  4212 I VibrationEffectConvertor: userid = 0, packageName = com.oplus.securitykeyboard
08-18 01:37:00.543  3238  4323 D ShortcutService: Saving package item android to /data/system_ce/0/shortcut_service/launchers/android0.xml
08-18 01:37:00.552  3238  5074 I StatusBarManagerService: disableLocked, what:920000, pkg:com.android.launcher userId: 0 token:android.os.BinderProxy@1664368 net1:920000 net2:0
08-18 01:37:00.561  3238  5074 D OplusWallpaperAnimationManager: cancelSurfaceAnimation reason: play_animation, isAnimating: false, by window: Window{b664654 u0 com.android.launcher/com.android.launcher.Launcher}
08-18 01:37:00.561  3238  5074 D OplusWallpaperAnimationManager: startScaleAnimation frame: Rect(0, 0 - 1264, 2784) parentFrame: Rect(0, 0 - 1264, 2780) from: 1.0 to: 1.2 duration: 650 mTargetZoom: -1.0 targetZoom: -1.0 by window: Window{b664654 u0 com.android.launcher/com.android.launcher.Launcher}
08-18 01:37:00.561  3238  3603 D OplusWallpaperSurfaceAnimation: setAnimationState curState: INITIALIZED
08-18 01:37:00.562  3238  3603 D OplusWallpaperAnimationManager: onAnimationStart
08-18 01:37:00.562  3238  3603 D OplusWallpaperAnimationManager: setSkipUpdateWallpaperPosition skip: true, wallpaper: Window{2cedf21 u0 false com.android.systemui.wallpapers.ImageWallpaper}
08-18 01:37:00.562  3238  3603 D OplusWallpaperSurfaceAnimation: setAnimationState curState: STARTED
08-18 01:37:00.570  4961 27918 I iopgp   : PreloadService: TRANSACTION_IOPGP_ON_PACKAGES_CHANGED
08-18 01:37:00.570  4961 27918 I iopgp   : Iopgp: TRANSACTION_IOPGP_ON_PACKAGES_CHANGED  pkg_name = com.example.fuelmaster pkg_version = -1 isDeleted = 1
08-18 01:37:00.571  4961  4961 D iopgp   : OnPackageChangeEvent:package remove.
08-18 01:37:00.589  3238  4323 D ShortcutService: Saving package item com.android.intentresolver to /data/system_ce/0/shortcut_service/launchers/com.android.intentresolver0.xml
08-18 01:37:00.589  3238  3870 D Arc[OplusBrightnessSceneAdapter]: Arc scene change!!! ErraticScene -> StableScene [erraticScore:-1, stableScore:5467] isLuxRefresh:false
08-18 01:37:00.592  3238  3698 W LoadedApk: System took : 277ms in onReceive of class android.content.pm.RegisteredServicesCache$1 for action : android.intent.action.PACKAGE_CHANGED
08-18 01:37:00.596  3238  3870 D Arc[OplusBrightnessAmbientAdapter[StabilityProcess]]: updateRangeStrategy: reason[SceneChange ] baseLux:6.625, scene:StableScene large{2.4015625, 15.071875} largeForAux{2.4015625, 15.071875} small{5.041211, 8.208789} hbm{0.0, 30000.0}
08-18 01:37:00.612  3238  4323 D ShortcutService: Saving package item com.android.systemui to /data/system_ce/0/shortcut_service/launchers/com.android.systemui0.xml
08-18 01:37:00.636  3238  3698 W TextServicesManagerService: no available spell checker services found
08-18 01:37:00.676  3238  4323 D ShortcutService: received package broadcast intent: Intent { act=android.intent.action.PACKAGE_REMOVED dat=package: flg=0x4000010 (has extras) }
08-18 01:37:00.676  3238  4323 D ShortcutService: removing package: com.example.fuelmaster userId0
08-18 01:37:00.676  3238  4323 D ShortcutService: handlePackageRemoved: com.example.fuelmaster user=0
08-18 01:37:00.696  3238  3238 W ActivityManager: Slow operation: 98ms so far, now at startProcess: done starting proc!
08-18 01:37:00.768  1247  5669 I keystore2: system/security/keystore2/src/database.rs:1394 - No superseded key blob
08-18 01:37:00.773  3238  3760 W ActivityManager: Slow operation: 173ms so far, now at startProcess: returned from zygote!
08-18 01:37:00.773  3238  3238 W LoadedApk: System took : 313ms in onReceive of class com.android.server.security.KeyChainSystemService$1 for action : android.intent.action.PACKAGE_REMOVED
08-18 01:37:00.773  3238  3238 W Looper  : Slow dispatch took 313ms main h=android.app.ActivityThread$H c=android.app.LoadedApk$ReceiverDispatcher$Args$$ExternalSyntheticLambda0@a5000f8 m=0
08-18 01:37:00.774  3238  3238 W Looper  : Slow delivery took 343ms main h=android.app.ActivityThread$H c=android.app.LoadedApk$ReceiverDispatcher$Args$$ExternalSyntheticLambda0@c2c29d1 m=0
08-18 01:37:00.782  3238  4323 D ShortcutService: Saving package item com.android.launcher to /data/system_ce/0/shortcut_service/launchers/com.android.launcher0.xml
08-18 01:37:00.790  3238  3238 D DeviceIdleHelper: pacakge removed: name=com.example.fuelmaster not in PowerSaveWhitelist
08-18 01:37:00.791  3238  3238 D MultiApp-DataService: handlePackageChange: android.intent.action.PACKAGE_REMOVED for: com.example.fuelmaster
08-18 01:37:00.792  3238  4323 D ShortcutService: Saving package item android to /data/system_ce/0/shortcut_service/launchers/android0.xml
08-18 01:37:00.793  3238  4323 D ShortcutService: Saving package item com.android.intentresolver to /data/system_ce/0/shortcut_service/launchers/com.android.intentresolver0.xml
08-18 01:37:00.793  3238  4323 D ShortcutService: Saving package item com.android.systemui to /data/system_ce/0/shortcut_service/launchers/com.android.systemui0.xml
08-18 01:37:00.797  3238  3905 E AppOps  : Tried to remove existing UID. uid: 10443 name: com.example.fuelmaster
08-18 01:37:00.798  3238  5111 W ActivityManager: Slow operation: 198ms so far, now at startProcess: done updating battery stats
08-18 01:37:00.798  3238  5111 W ActivityManager: Slow operation: 198ms so far, now at startProcess: building log message
08-18 01:37:00.798  3238  5111 I ActivityManager: Start proc 5675:com.android.keychain/1000 for service {com.android.keychain/com.android.keychain.KeyChainService}
08-18 01:37:00.798  3238  5111 W ActivityManager: Slow operation: 198ms so far, now at startProcess: starting to update pids map
08-18 01:37:00.798  3238  5111 W ActivityManager: Slow operation: 198ms so far, now at startProcess: done updating pids map
08-18 01:37:00.799  3238  5111 D ActivityTaskManagerServiceExtImpl: preBindApplication record is null
08-18 01:37:00.817  3238  4078 I RollbackManager: broadcast=ACTION_PACKAGE_FULLY_REMOVED pkg=com.example.fuelmaster
08-18 01:37:00.871  1247  5511 W keystore2: system/security/keystore2/watchdog/src/lib.rs:114 - ### Keystore Watchdog report - BEGIN ###
08-18 01:37:00.871  1247  5511 W keystore2: system/security/keystore2/watchdog/src/lib.rs:123 - When extracting from a bug report, please include this header
08-18 01:37:00.876  1247  5511 W keystore2: system/security/keystore2/watchdog/src/lib.rs:124 - and all 2 records below.
08-18 01:37:00.876  1247  5511 W keystore2: system/security/keystore2/watchdog/src/lib.rs:164 - ThreadId(6775) KeystoreDB::handle_next_superseded_blob Pending: 505.075833ms Overdue 5.078021ms
08-18 01:37:00.876  1247  5511 W keystore2: system/security/keystore2/watchdog/src/lib.rs:164 - ThreadId(6775) TX_handle_next_superseded_blob Pending: 504.952083ms Overdue 4.952604ms
08-18 01:37:00.876  1247  5511 W keystore2: system/security/keystore2/watchdog/src/lib.rs:175 - ### Keystore Watchdog report - END ###
08-18 01:37:00.878  3238  3238 D OplusMediaControlService: History List changed by remove package: com.heytap.music/com.allsaints.music.player.thirdpart.MusicMediaButtonReceiver,0,1-ru.mts.music.android/ru.mts.music.common.service.player.MediaReceiver,0,1
08-18 01:37:00.882  3238  5538 I ActivityManager: Flag disabled. Ignoring finishAttachApplication from uid: 1000. pid: 5675
08-18 01:37:00.883  3238  3238 D OplusSecurityPermissionManager: AppUninstallReceiver: uid=10443, userId=0, package=com.example.fuelmaster
08-18 01:37:00.893  3238  3777 D CompatChangeReporter: Compat change id reported: 151861875; UID 10265; state: ENABLED
08-18 01:37:00.913  3238  3760 I ActivityManager: Start proc 5696:com.google.android.apps.nbu.files/u0a265 for broadcast {com.google.android.apps.nbu.files/com.google.android.apps.nbu.files.documentbrowser.browselanding.rootcontainerlist.receiver.PackageChangeReceiver_Receiver}
08-18 01:37:00.916  3238  5185 W OplusSelfProtectManager: pkg[com.android.keychain] not in policy list
08-18 01:37:00.921  3238  4212 I VibrationEffectConvertor: onInputMethodListUpdated received, info.size = 5
08-18 01:37:00.929  3238  4212 I VibrationEffectConvertor: userid = 0, packageName = com.google.android.tts
08-18 01:37:00.929  3238  4212 I VibrationEffectConvertor: userid = 0, packageName = com.google.android.inputmethod.latin
08-18 01:37:00.929  3238  4212 I VibrationEffectConvertor: userid = 0, packageName = com.yandex.searchapp
08-18 01:37:00.929  3238  4212 I VibrationEffectConvertor: userid = 0, packageName = com.preff.kb.op
08-18 01:37:00.929  3238  4212 I VibrationEffectConvertor: userid = 0, packageName = com.oplus.securitykeyboard
08-18 01:37:00.965  3238  6396 D UsageStatsService: User[0] type=3 b=1723927020956 e=1755463020956 cb=1725551025565 ce=1755463020920 disk=0 all=496
08-18 01:37:00.966  3238  5383 D ActivityTaskManagerServiceExtImpl: preBindApplication record is null
08-18 01:37:00.966  3238  3870 D OplusSmartBrightnessController: CtsTest = false
08-18 01:37:00.966  3238  3870 D OplusDisplayBrightnessBroadcastReceiver: onReceive action = android.intent.action.PACKAGE_REMOVED , listeners = [com.android.server.display.OplusSmartBrightnessController$SmartBroadcastReceiver@5bac71]
08-18 01:37:00.969  3238  3238 D OplusZenModeHelperExtImpl: setZenModeExtInfoStr: zenModeExtInfoStr=1755463020968,android.uid.system:1000,0,0,0,0,null,com.example.fuelmaster|removeAutomaticZenRules
08-18 01:37:00.970  3238  3238 I ConditionProviders: Disallowing condition provider com.example.fuelmaster (userSet: true)
08-18 01:37:00.971  3238  3238 D OplusCustomizeService: UninstallBroadcastReceiver, pkgName=com.example.fuelmaster, isReInstall=false
08-18 01:37:00.980  3238  3238 W Looper  : Drained
08-18 01:37:00.989  3238  3698 V AutofillManagerService: onPackageModified(): com.example.fuelmaster
08-18 01:37:01.071  3238  3760 I ActivityManager: Start proc 5737:com.heytap.mcs.appservice/1000 for content provider {com.heytap.mcs/com.heytap.mcs.biz.appservice.provider.AppServiceContentProvider}
08-18 01:37:01.084  3238  3698 W TextServicesManagerService: no available spell checker services found
08-18 01:37:01.155  3238 31013 D IntervalStats: Unable to parse usage stats packages: [893, 894, 895, 896]
08-18 01:37:01.173  3238  5254 D ActivityTaskManagerServiceExtImpl: preBindApplication record is null
08-18 01:37:01.174  3238 31013 D IntervalStats: Unable to parse usage stats packages: [896, 897, 899, 900, 902, 903, 904]
08-18 01:37:01.199  3238 31013 D IntervalStats: Unable to parse usage stats packages: [906, 907, 909, 910, 911]
08-18 01:37:01.201  3238 31013 D IntervalStats: Unable to parse usage stats packages: [911, 912, 913, 914]
08-18 01:37:01.217  3238 31013 D IntervalStats: Unable to parse usage stats packages: [916, 917]
08-18 01:37:01.219  3238 31013 D IntervalStats: Unable to parse usage stats packages: [917, 918, 919, 920, 921, 922, 923, 924, 925, 926, 927]
08-18 01:37:01.222  3238 31013 D IntervalStats: Unable to parse usage stats packages: [927]
08-18 01:37:01.225  3238 31013 D IntervalStats: Unable to parse usage stats packages: [928, 929, 930, 931, 933, 934, 935, 936, 937, 938, 939]
08-18 01:37:01.226  3238  3603 D OplusWallpaperSurfaceAnimation: resetEnable curState: STARTED
08-18 01:37:01.226  3238  3603 D OplusWallpaperAnimationManager: onAnimationEnd
08-18 01:37:01.226  3238  3603 D OplusWallpaperAnimationManager: setSkipUpdateWallpaperPosition skip: false, wallpaper: Window{2cedf21 u0 false com.android.systemui.wallpapers.ImageWallpaper}
08-18 01:37:01.226  3238  3603 D OplusWallpaperSurfaceAnimation: setAnimationState curState: IDLE
08-18 01:37:01.228  3238  5538 D CompatChangeReporter: Compat change id reported: 311208629; UID 1000; state: ENABLED
08-18 01:37:01.233  3238 31013 D IntervalStats: Unable to parse usage stats packages: [940, 941, 942, 944, 945]
08-18 01:37:01.236  3238 31013 D UsageStatsService: User[0] type=0 b=1724013421022 e=1755463021022 cb=1755437440618 ce=1755463021021 disk=1814 all=1959
08-18 01:37:01.265  3238  3698 I CredentialManager: updateProvidersWhenPackageRemoved
08-18 01:37:01.275 19373 19434 W ContextImpl: Calling a method in the system process without a qualified user: android.app.ContextImpl.startService:1958 android.content.ContextWrapper.startService:837 com.heytap.mcs.receiver.McsReceiver.a:13 com.heytap.mcs.receiver.McsReceiver.a:1 com.heytap.mcs.receiver.McsReceiver$a.run:40 
08-18 01:37:01.299  3238  5538 I ActivityManager: Flag disabled. Ignoring finishAttachApplication from uid: 1000. pid: 5737
08-18 01:37:01.300  3238 31013 W UsageStatsService: Failed to query usage stats for locked user 10
08-18 01:37:01.304  3238  5774 D IntervalStats: Unable to parse usage stats packages: [893, 894, 895, 896]
08-18 01:37:01.304  3238  5774 D IntervalStats: Unable to parse usage stats packages: [896, 897, 899, 900, 902, 903, 904]
08-18 01:37:01.304  3238  5774 D IntervalStats: Unable to parse usage stats packages: [906, 907, 909, 910, 911]
08-18 01:37:01.304  3238  5774 D IntervalStats: Unable to parse usage stats packages: [911, 912, 913, 914]
08-18 01:37:01.305  3238  5774 D IntervalStats: Unable to parse usage stats packages: [916, 917]
08-18 01:37:01.305  3238  5774 D IntervalStats: Unable to parse usage stats packages: [917, 918, 919, 920, 921, 922, 923, 924, 925, 926, 927]
08-18 01:37:01.305  3238  5774 D IntervalStats: Unable to parse usage stats packages: [927]
08-18 01:37:01.306  3238  5774 D IntervalStats: Unable to parse usage stats packages: [928, 929, 930, 931, 933, 934, 935, 936, 937, 938, 939]
08-18 01:37:01.306  3238  5774 D IntervalStats: Unable to parse usage stats packages: [940, 941, 942, 944, 945]
08-18 01:37:01.307  3238  5774 D UsageStatsService: User[0] type=0 b=1724013421303 e=1755463021303 cb=1755437440618 ce=1755463021182 disk=1814 all=1959
08-18 01:37:01.313  3238  5774 W UsageStatsService: Failed to query usage stats for locked user 10
08-18 01:37:01.377  3238  5383 D ActivityTaskManager: Skipping, invisible task: Task{58bf8b0 #5 type=home I=com.android.launcher/.Launcher}
08-18 01:37:01.377  3238  5383 D ActivityTaskManager: pre-Filtered:org.telegram.messenger # com.android.contacts # ru.pyaterochka.app.browser # 
08-18 01:37:01.377  3238  5383 D ActivityTaskManager: after skip size 3
08-18 01:37:01.388  4494  4573 D WindowManagerShell: setLauncherKeepClearAreaHeight: visible=true, height=294
08-18 01:37:01.429  5696  5696 D ResourcesManagerExtImpl: applyConfigurationToAppResourcesLocked app.getDisplayId() return callback.displayId:-1
08-18 01:37:01.451  3238  4694 W AppOpService: Ignored setUidMode call for runtime permission app op: uid = 10258, code = FINE_LOCATION, mode = allow, callingUid = 1000, oldMode = allow
08-18 01:37:01.468  3238  3698 D AppProfilerExtImpl: Skipped pss collection for CPU busy
08-18 01:37:01.471  3238  4452 D UsageStatsService: User[0] type=0 b=1755462985634 e=1755463021469 cb=1755437440618 ce=1755463021459 disk=0 all=10
08-18 01:37:01.482  3238  5111 W OplusSelfProtectManager: pkg[com.android.keychain] not in policy list
08-18 01:37:01.494  3238  5111 D UsageStatsService: User[0] type=0 b=1755463021469 e=1755463021493 cb=1755437440618 ce=1755463021479 disk=0 all=0
08-18 01:37:01.551  3238  4452 I ActivityManager: Flag disabled. Ignoring finishAttachApplication from uid: 10265. pid: 5696
